Build started 12/31/2025 12:09:11 PM.
     1>Project "C:\MyCompany\MyCompany\Promotions.Api\Promotions.Api.csproj" on node 1 (Restore target(s)).
     1>_GetAllRestoreProjectPathItems:
         Determining projects to restore...
       Restore:
         X.509 certificate chain validation will use the default trust store selected by .NET for code signing.
         X.509 certificate chain validation will use the default trust store selected by .NET for timestamping.
         Assets file has not changed. Skipping assets file writing. Path: C:\MyCompany\MyCompany\Promotions.Contracts\obj\project.assets.json
         Assets file has not changed. Skipping assets file writing. Path: C:\MyCompany\MyCompany\Promotions.Application\obj\project.assets.json
         Assets file has not changed. Skipping assets file writing. Path: C:\MyCompany\MyCompany\BuildingBlocks\Common.Logging\obj\project.assets.json
         Assets file has not changed. Skipping assets file writing. Path: C:\MyCompany\MyCompany\Promotions.Api\obj\project.assets.json
         Assets file has not changed. Skipping assets file writing. Path: C:\MyCompany\MyCompany\Promotions.Infrastructure\obj\project.assets.json
         Assets file has not changed. Skipping assets file writing. Path: C:\MyCompany\MyCompany\Promotions.Domain\obj\project.assets.json
         Restored C:\MyCompany\MyCompany\Promotions.Infrastructure\Promotions.Infrastructure.csproj (in 65 ms).
         Restored C:\MyCompany\MyCompany\Promotions.Contracts\Promotions.Contracts.csproj (in 64 ms).
         Restored C:\MyCompany\MyCompany\Promotions.Api\Promotions.Api.csproj (in 65 ms).
         Restored C:\MyCompany\MyCompany\Promotions.Domain\Promotions.Domain.csproj (in 64 ms).
         Restored C:\MyCompany\MyCompany\BuildingBlocks\Common.Logging\MyCompany.Common.Logging.csproj (in 65 ms).
         Restored C:\MyCompany\MyCompany\Promotions.Application\Promotions.Application.csproj (in 64 ms).
         
         NuGet Config files used:
             C:\Users\manahil\AppData\Roaming\NuGet\NuGet.Config
             C:\Program Files (x86)\NuGet\Config\Microsoft.VisualStudio.FallbackLocation.config
             C:\Program Files (x86)\NuGet\Config\Microsoft.VisualStudio.Offline.config
         
         Feeds used:
             https://api.nuget.org/v3/index.json
             C:\Program Files (x86)\Microsoft SDKs\NuGetPackages\
         All projects are up-to-date for restore.
     1>Done Building Project "C:\MyCompany\MyCompany\Promotions.Api\Promotions.Api.csproj" (Restore target(s)).
   1:7>Project "C:\MyCompany\MyCompany\Promotions.Api\Promotions.Api.csproj" on node 3 (default targets).
   1:7>Project "C:\MyCompany\MyCompany\Promotions.Api\Promotions.Api.csproj" (1:7) is building "C:\MyCompany\MyCompany\Promotions.Contracts\Promotions.Contracts.csproj" (3:7) on node 4 (default targets).
     3>GenerateTargetFrameworkMonikerAttribute:
       Skipping target "GenerateTargetFrameworkMonikerAttribute" because all output files are up-to-date with respect to the input files.
       CoreGenerateAssemblyInfo:
       Skipping target "CoreGenerateAssemblyInfo" because all output files are up-to-date with respect to the input files.
   1:7>Project "C:\MyCompany\MyCompany\Promotions.Api\Promotions.Api.csproj" (1:7) is building "C:\MyCompany\MyCompany\Promotions.Domain\Promotions.Domain.csproj" (5:8) on node 3 (default targets).
     5>GenerateTargetFrameworkMonikerAttribute:
       Skipping target "GenerateTargetFrameworkMonikerAttribute" because all output files are up-to-date with respect to the input files.
       CoreGenerateAssemblyInfo:
       Skipping target "CoreGenerateAssemblyInfo" because all output files are up-to-date with respect to the input files.
       _GenerateSourceLinkFile:
         Source Link is empty, file 'obj\Debug\net8.0\Promotions.Domain.sourcelink.json' does not exist.
       CoreCompile:
       Skipping target "CoreCompile" because all output files are up-to-date with respect to the input files.
     3>_GenerateSourceLinkFile:
         Source Link is empty, file 'obj\Debug\net8.0\Promotions.Contracts.sourcelink.json' does not exist.
     5>GenerateBuildDependencyFile:
       Skipping target "GenerateBuildDependencyFile" because all output files are up-to-date with respect to the input files.
     3>CoreCompile:
       Skipping target "CoreCompile" because all output files are up-to-date with respect to the input files.
     5>CopyFilesToOutputDirectory:
         Promotions.Domain -> C:\MyCompany\MyCompany\Promotions.Domain\bin\Debug\net8.0\Promotions.Domain.dll
     3>GenerateBuildDependencyFile:
       Skipping target "GenerateBuildDependencyFile" because all output files are up-to-date with respect to the input files.
     5>Done Building Project "C:\MyCompany\MyCompany\Promotions.Domain\Promotions.Domain.csproj" (default targets).
     3>CopyFilesToOutputDirectory:
         Promotions.Contracts -> C:\MyCompany\MyCompany\Promotions.Contracts\bin\Debug\net8.0\Promotions.Contracts.dll
     3>Done Building Project "C:\MyCompany\MyCompany\Promotions.Contracts\Promotions.Contracts.csproj" (default targets).
   1:7>Project "C:\MyCompany\MyCompany\Promotions.Api\Promotions.Api.csproj" (1:7) is building "C:\MyCompany\MyCompany\BuildingBlocks\Common.Logging\MyCompany.Common.Logging.csproj" (2:6) on node 5 (default targets).
     2>GenerateTargetFrameworkMonikerAttribute:
       Skipping target "GenerateTargetFrameworkMonikerAttribute" because all output files are up-to-date with respect to the input files.
       CoreGenerateAssemblyInfo:
       Skipping target "CoreGenerateAssemblyInfo" because all output files are up-to-date with respect to the input files.
       _GenerateSourceLinkFile:
         Source Link is empty, file 'obj\Debug\net8.0\MyCompany.Common.Logging.sourcelink.json' does not exist.
       CoreCompile:
       Skipping target "CoreCompile" because all output files are up-to-date with respect to the input files.
       GenerateBuildDependencyFile:
       Skipping target "GenerateBuildDependencyFile" because all output files are up-to-date with respect to the input files.
       CopyFilesToOutputDirectory:
         MyCompany.Common.Logging -> C:\MyCompany\MyCompany\BuildingBlocks\Common.Logging\bin\Debug\net8.0\MyCompany.Common.Logging.dll
     2>Done Building Project "C:\MyCompany\MyCompany\BuildingBlocks\Common.Logging\MyCompany.Common.Logging.csproj" (default targets).
   1:7>Project "C:\MyCompany\MyCompany\Promotions.Api\Promotions.Api.csproj" (1:7) is building "C:\MyCompany\MyCompany\Promotions.Application\Promotions.Application.csproj" (6:7) on node 2 (default targets).
     6>GenerateTargetFrameworkMonikerAttribute:
       Skipping target "GenerateTargetFrameworkMonikerAttribute" because all output files are up-to-date with respect to the input files.
       CoreGenerateAssemblyInfo:
       Skipping target "CoreGenerateAssemblyInfo" because all output files are up-to-date with respect to the input files.
       _GenerateSourceLinkFile:
         Source Link is empty, file 'obj\Debug\net8.0\Promotions.Application.sourcelink.json' does not exist.
       CoreCompile:
       Skipping target "CoreCompile" because all output files are up-to-date with respect to the input files.
       GenerateBuildDependencyFile:
       Skipping target "GenerateBuildDependencyFile" because all output files are up-to-date with respect to the input files.
       CopyFilesToOutputDirectory:
         Promotions.Application -> C:\MyCompany\MyCompany\Promotions.Application\bin\Debug\net8.0\Promotions.Application.dll
     6>Done Building Project "C:\MyCompany\MyCompany\Promotions.Application\Promotions.Application.csproj" (default targets).
   1:7>Project "C:\MyCompany\MyCompany\Promotions.Api\Promotions.Api.csproj" (1:7) is building "C:\MyCompany\MyCompany\Promotions.Infrastructure\Promotions.Infrastructure.csproj" (4:6) on node 1 (default targets).
     4>GenerateTargetFrameworkMonikerAttribute:
       Skipping target "GenerateTargetFrameworkMonikerAttribute" because all output files are up-to-date with respect to the input files.
       CoreGenerateAssemblyInfo:
       Skipping target "CoreGenerateAssemblyInfo" because all output files are up-to-date with respect to the input files.
       _GenerateSourceLinkFile:
         Source Link is empty, file 'obj\Debug\net8.0\Promotions.Infrastructure.sourcelink.json' does not exist.
       CoreCompile:
         C:\Program Files\dotnet\dotnet.exe exec "C:\Program Files\dotnet\sdk\9.0.306\Roslyn\bincore\csc.dll" /noconfig /unsafe- /checked- /nowarn:1701,1702,1701,1702 /fullpaths /nostdlib+ /errorreport:prompt /warn:8 /define:TRACE;DEBUG;NET;NET8_0;NETCOREAPP;NET5_0_OR_GREATER;NET6_0_OR_GREATER;NET7_0_OR_GREATER;NET8_0_OR_GREATER;NETCOREAPP1_0_OR_GREATER;NETCOREAPP1_1_OR_GREATER;NETCOREAPP2_0_OR_GREATER;NETCOREAPP2_1_OR_GREATER;NETCOREAPP2_2_OR_GREATER;NETCOREAPP3_0_OR_GREATER;NETCOREAPP3_1_OR_GREATER /highentropyva+ /nullable:enable /reference:C:\Users\manahil\.nuget\packages\azure.core\1.25.0\lib\net5.0\Azure.Core.dll /reference:C:\Users\manahil\.nuget\packages\azure.identity\1.7.0\lib\netstandard2.0\Azure.Identity.dll /reference:C:\Users\manahil\.nuget\packages\mediatr.contracts\2.0.1\lib\netstandard2.0\MediatR.Contracts.dll /reference:C:\Users\manahil\.nuget\packages\mediatr\12.1.0\lib\net6.0\MediatR.dll /reference:C:\Users\manahil\.nuget\packages\mediatr.extensions.microsoft.dependencyinjection\10.0.1\lib\netstandard2.1\MediatR.Extensions.Microsoft.DependencyInjection.dll /reference:C:\Users\manahil\.nuget\packages\microsoft.bcl.asyncinterfaces\6.0.0\lib\netstandard2.1\Microsoft.Bcl.AsyncInterfaces.dll /reference:"C:\Program Files\dotnet\packs\Microsoft.NETCore.App.Ref\8.0.21\ref\net8.0\Microsoft.CSharp.dll" /reference:C:\Users\manahil\.nuget\packages\microsoft.data.sqlclient\5.1.1\ref\net6.0\Microsoft.Data.SqlClient.dll /reference:C:\Users\manahil\.nuget\packages\microsoft.entityframeworkcore.abstractions\8.0.0\lib\net8.0\Microsoft.EntityFrameworkCore.Abstractions.dll /reference:C:\Users\manahil\.nuget\packages\microsoft.entityframeworkcore\8.0.0\lib\net8.0\Microsoft.EntityFrameworkCore.dll /reference:C:\Users\manahil\.nuget\packages\microsoft.entityframeworkcore.relational\8.0.0\lib\net8.0\Microsoft.EntityFrameworkCore.Relational.dll /reference:C:\Users\manahil\.nuget\packages\microsoft.entityframeworkcore.sqlserver\8.0.0\lib\net8.0\Microsoft.EntityFrameworkCore.SqlServer.dll /reference:C:\Users\manahil\.nuget\packages\microsoft.extensions.caching.abstractions\8.0.0\lib\net8.0\Microsoft.Extensions.Caching.Abstractions.dll /reference:C:\Users\manahil\.nuget\packages\microsoft.extensions.caching.memory\8.0.0\lib\net8.0\Microsoft.Extensions.Caching.Memory.dll /reference:C:\Users\manahil\.nuget\packages\microsoft.extensions.configuration.abstractions\8.0.0\lib\net8.0\Microsoft.Extensions.Configuration.Abstractions.dll /reference:C:\Users\manahil\.nuget\packages\microsoft.extensions.dependencyinjection.abstractions\8.0.0\lib\net8.0\Microsoft.Extensions.DependencyInjection.Abstractions.dll /reference:C:\Users\manahil\.nuget\packages\microsoft.extensions.dependencyinjection\8.0.0\lib\net8.0\Microsoft.Extensions.DependencyInjection.dll /reference:C:\Users\manahil\.nuget\packages\microsoft.extensions.logging.abstractions\8.0.0\lib\net8.0\Microsoft.Extensions.Logging.Abstractions.dll /reference:C:\Users\manahil\.nuget\packages\microsoft.extensions.logging\8.0.0\lib\net8.0\Microsoft.Extensions.Logging.dll /reference:C:\Users\manahil\.nuget\packages\microsoft.extensions.options\8.0.0\lib\net8.0\Microsoft.Extensions.Options.dll /reference:C:\Users\manahil\.nuget\packages\microsoft.extensions.primitives\8.0.0\lib\net8.0\Microsoft.Extensions.Primitives.dll /reference:C:\Users\manahil\.nuget\packages\microsoft.identity.client\4.47.2\lib\netcoreapp2.1\Microsoft.Identity.Client.dll /reference:C:\Users\manahil\.nuget\packages\microsoft.identity.client.extensions.msal\2.19.3\lib\netcoreapp2.1\Microsoft.Identity.Client.Extensions.Msal.dll /reference:C:\Users\manahil\.nuget\packages\microsoft.identitymodel.abstractions\6.24.0\lib\net6.0\Microsoft.IdentityModel.Abstractions.dll /reference:C:\Users\manahil\.nuget\packages\microsoft.identitymodel.jsonwebtokens\6.24.0\lib\net6.0\Microsoft.IdentityModel.JsonWebTokens.dll /reference:C:\Users\manahil\.nuget\packages\microsoft.identitymodel.logging\6.24.0\lib\net6.0\Microsoft.IdentityModel.Logging.dll /reference:C:\Users\manahil\.nuget\packages\microsoft.identitymodel.protocols\6.24.0\lib\net6.0\Microsoft.IdentityModel.Protocols.dll /reference:C:\Users\manahil\.nuget\packages\microsoft.identitymodel.protocols.openidconnect\6.24.0\lib\net6.0\Microsoft.IdentityModel.Protocols.OpenIdConnect.dll /reference:C:\Users\manahil\.nuget\packages\microsoft.identitymodel.tokens\6.24.0\lib\net6.0\Microsoft.IdentityModel.Tokens.dll /reference:C:\Users\manahil\.nuget\packages\microsoft.sqlserver.server\1.0.0\lib\netstandard2.0\Microsoft.SqlServer.Server.dll /reference:"C:\Program Files\dotnet\packs\Microsoft.NETCore.App.Ref\8.0.21\ref\net8.0\Microsoft.VisualBasic.Core.dll" /reference:"C:\Program Files\dotnet\packs\Microsoft.NETCore.App.Ref\8.0.21\ref\net8.0\Microsoft.VisualBasic.dll" /reference:"C:\Program Files\dotnet\packs\Microsoft.NETCore.App.Ref\8.0.21\ref\net8.0\Microsoft.Win32.Primitives.dll" /reference:"C:\Program Files\dotnet\packs\Microsoft.NETCore.App.Ref\8.0.21\ref\net8.0\Microsoft.Win32.Registry.dll" /reference:"C:\Program Files\dotnet\packs\Microsoft.NETCore.App.Ref\8.0.21\ref\net8.0\mscorlib.dll" /reference:"C:\Program Files\dotnet\packs\Microsoft.NETCore.App.Ref\8.0.21\ref\net8.0\netstandard.dll" /reference:C:\MyCompany\MyCompany\Promotions.Application\obj\Debug\net8.0\ref\Promotions.Application.dll /reference:C:\MyCompany\MyCompany\Promotions.Contracts\obj\Debug\net8.0\ref\Promotions.Contracts.dll /reference:C:\MyCompany\MyCompany\Promotions.Domain\obj\Debug\net8.0\ref\Promotions.Domain.dll /reference:"C:\Program Files\dotnet\packs\Microsoft.NETCore.App.Ref\8.0.21\ref\net8.0\System.AppContext.dll" /reference:"C:\Program Files\dotnet\packs\Microsoft.NETCore.App.Ref\8.0.21\ref\net8.0\System.Buffers.dll" /reference:"C:\Program Files\dotnet\packs\Microsoft.NETCore.App.Ref\8.0.21\ref\net8.0\System.Collections.Concurrent.dll" /reference:"C:\Program Files\dotnet\packs\Microsoft.NETCore.App.Ref\8.0.21\ref\net8.0\System.Collections.dll" /reference:"C:\Program Files\dotnet\packs\Microsoft.NETCore.App.Ref\8.0.21\ref\net8.0\System.Collections.Immutable.dll" /reference:"C:\Program Files\dotnet\packs\Microsoft.NETCore.App.Ref\8.0.21\ref\net8.0\System.Collections.NonGeneric.dll" /reference:"C:\Program Files\dotnet\packs\Microsoft.NETCore.App.Ref\8.0.21\ref\net8.0\System.Collections.Specialized.dll" /reference:"C:\Program Files\dotnet\packs\Microsoft.NETCore.App.Ref\8.0.21\ref\net8.0\System.ComponentModel.Annotations.dll" /reference:"C:\Program Files\dotnet\packs\Microsoft.NETCore.App.Ref\8.0.21\ref\net8.0\System.ComponentModel.DataAnnotations.dll" /reference:"C:\Program Files\dotnet\packs\Microsoft.NETCore.App.Ref\8.0.21\ref\net8.0\System.ComponentModel.dll" /reference:"C:\Program Files\dotnet\packs\Microsoft.NETCore.App.Ref\8.0.21\ref\net8.0\System.ComponentModel.EventBasedAsync.dll" /reference:"C:\Program Files\dotnet\packs\Microsoft.NETCore.App.Ref\8.0.21\ref\net8.0\System.ComponentModel.Primitives.dll" /reference:"C:\Program Files\dotnet\packs\Microsoft.NETCore.App.Ref\8.0.21\ref\net8.0\System.ComponentModel.TypeConverter.dll" /reference:"C:\Program Files\dotnet\packs\Microsoft.NETCore.App.Ref\8.0.21\ref\net8.0\System.Configuration.dll" /reference:"C:\Program Files\dotnet\packs\Microsoft.NETCore.App.Ref\8.0.21\ref\net8.0\System.Console.dll" /reference:"C:\Program Files\dotnet\packs\Microsoft.NETCore.App.Ref\8.0.21\ref\net8.0\System.Core.dll" /reference:"C:\Program Files\dotnet\packs\Microsoft.NETCore.App.Ref\8.0.21\ref\net8.0\System.Data.Common.dll" /reference:"C:\Program Files\dotnet\packs\Microsoft.NETCore.App.Ref\8.0.21\ref\net8.0\System.Data.DataSetExtensions.dll" /reference:"C:\Program Files\dotnet\packs\Microsoft.NETCore.App.Ref\8.0.21\ref\net8.0\System.Data.dll" /reference:"C:\Program Files\dotnet\packs\Microsoft.NETCore.App.Ref\8.0.21\ref\net8.0\System.Diagnostics.Contracts.dll" /reference:"C:\Program Files\dotnet\packs\Microsoft.NETCore.App.Ref\8.0.21\ref\net8.0\System.Diagnostics.Debug.dll" /reference:"C:\Program Files\dotnet\packs\Microsoft.NETCore.App.Ref\8.0.21\ref\net8.0\System.Diagnostics.DiagnosticSource.dll" /reference:"C:\Program Files\dotnet\packs\Microsoft.NETCore.App.Ref\8.0.21\ref\net8.0\System.Diagnostics.FileVersionInfo.dll" /reference:"C:\Program Files\dotnet\packs\Microsoft.NETCore.App.Ref\8.0.21\ref\net8.0\System.Diagnostics.Process.dll" /reference:"C:\Program Files\dotnet\packs\Microsoft.NETCore.App.Ref\8.0.21\ref\net8.0\System.Diagnostics.StackTrace.dll" /reference:"C:\Program Files\dotnet\packs\Microsoft.NETCore.App.Ref\8.0.21\ref\net8.0\System.Diagnostics.TextWriterTraceListener.dll" /reference:"C:\Program Files\dotnet\packs\Microsoft.NETCore.App.Ref\8.0.21\ref\net8.0\System.Diagnostics.Tools.dll" /reference:"C:\Program Files\dotnet\packs\Microsoft.NETCore.App.Ref\8.0.21\ref\net8.0\System.Diagnostics.TraceSource.dll" /reference:"C:\Program Files\dotnet\packs\Microsoft.NETCore.App.Ref\8.0.21\ref\net8.0\System.Diagnostics.Tracing.dll" /reference:"C:\Program Files\dotnet\packs\Microsoft.NETCore.App.Ref\8.0.21\ref\net8.0\System.dll" /reference:"C:\Program Files\dotnet\packs\Microsoft.NETCore.App.Ref\8.0.21\ref\net8.0\System.Drawing.dll" /reference:"C:\Program Files\dotnet\packs\Microsoft.NETCore.App.Ref\8.0.21\ref\net8.0\System.Drawing.Primitives.dll" /reference:"C:\Program Files\dotnet\packs\Microsoft.NETCore.App.Ref\8.0.21\ref\net8.0\System.Dynamic.Runtime.dll" /reference:"C:\Program Files\dotnet\packs\Microsoft.NETCore.App.Ref\8.0.21\ref\net8.0\System.Formats.Asn1.dll" /reference:"C:\Program Files\dotnet\packs\Microsoft.NETCore.App.Ref\8.0.21\ref\net8.0\System.Formats.Tar.dll" /reference:"C:\Program Files\dotnet\packs\Microsoft.NETCore.App.Ref\8.0.21\ref\net8.0\System.Globalization.Calendars.dll" /reference:"C:\Program Files\dotnet\packs\Microsoft.NETCore.App.Ref\8.0.21\ref\net8.0\System.Globalization.dll" /reference:"C:\Program Files\dotnet\packs\Microsoft.NETCore.App.Ref\8.0.21\ref\net8.0\System.Globalization.Extensions.dll" /reference:C:\Users\manahil\.nuget\packages\system.identitymodel.tokens.jwt\6.24.0\lib\net6.0\System.IdentityModel.Tokens.Jwt.dll /reference:"C:\Program Files\dotnet\packs\Microsoft.NETCore.App.Ref\8.0.21\ref\net8.0\System.IO.Compression.Brotli.dll" /reference:"C:\Program Files\dotnet\packs\Microsoft.NETCore.App.Ref\8.0.21\ref\net8.0\System.IO.Compression.dll" /reference:"C:\Program Files\dotnet\packs\Microsoft.NETCore.App.Ref\8.0.21\ref\net8.0\System.IO.Compression.FileSystem.dll" /reference:"C:\Program Files\dotnet\packs\Microsoft.NETCore.App.Ref\8.0.21\ref\net8.0\System.IO.Compression.ZipFile.dll" /reference:"C:\Program Files\dotnet\packs\Microsoft.NETCore.App.Ref\8.0.21\ref\net8.0\System.IO.dll" /reference:"C:\Program Files\dotnet\packs\Microsoft.NETCore.App.Ref\8.0.21\ref\net8.0\System.IO.FileSystem.AccessControl.dll" /reference:"C:\Program Files\dotnet\packs\Microsoft.NETCore.App.Ref\8.0.21\ref\net8.0\System.IO.FileSystem.dll" /reference:"C:\Program Files\dotnet\packs\Microsoft.NETCore.App.Ref\8.0.21\ref\net8.0\System.IO.FileSystem.DriveInfo.dll" /reference:"C:\Program Files\dotnet\packs\Microsoft.NETCore.App.Ref\8.0.21\ref\net8.0\System.IO.FileSystem.Primitives.dll" /reference:"C:\Program Files\dotnet\packs\Microsoft.NETCore.App.Ref\8.0.21\ref\net8.0\System.IO.FileSystem.Watcher.dll" /reference:"C:\Program Files\dotnet\packs\Microsoft.NETCore.App.Ref\8.0.21\ref\net8.0\System.IO.IsolatedStorage.dll" /reference:"C:\Program Files\dotnet\packs\Microsoft.NETCore.App.Ref\8.0.21\ref\net8.0\System.IO.MemoryMappedFiles.dll" /reference:"C:\Program Files\dotnet\packs\Microsoft.NETCore.App.Ref\8.0.21\ref\net8.0\System.IO.Pipes.AccessControl.dll" /reference:"C:\Program Files\dotnet\packs\Microsoft.NETCore.App.Ref\8.0.21\ref\net8.0\System.IO.Pipes.dll" /reference:"C:\Program Files\dotnet\packs\Microsoft.NETCore.App.Ref\8.0.21\ref\net8.0\System.IO.UnmanagedMemoryStream.dll" /reference:"C:\Program Files\dotnet\packs\Microsoft.NETCore.App.Ref\8.0.21\ref\net8.0\System.Linq.dll" /reference:"C:\Program Files\dotnet\packs\Microsoft.NETCore.App.Ref\8.0.21\ref\net8.0\System.Linq.Expressions.dll" /reference:"C:\Program Files\dotnet\packs\Microsoft.NETCore.App.Ref\8.0.21\ref\net8.0\System.Linq.Parallel.dll" /reference:"C:\Program Files\dotnet\packs\Microsoft.NETCore.App.Ref\8.0.21\ref\net8.0\System.Linq.Queryable.dll" /reference:C:\Users\manahil\.nuget\packages\system.memory.data\1.0.2\lib\netstandard2.0\System.Memory.Data.dll /reference:"C:\Program Files\dotnet\packs\Microsoft.NETCore.App.Ref\8.0.21\ref\net8.0\System.Memory.dll" /reference:"C:\Program Files\dotnet\packs\Microsoft.NETCore.App.Ref\8.0.21\ref\net8.0\System.Net.dll" /reference:"C:\Program Files\dotnet\packs\Microsoft.NETCore.App.Ref\8.0.21\ref\net8.0\System.Net.Http.dll" /reference:"C:\Program Files\dotnet\packs\Microsoft.NETCore.App.Ref\8.0.21\ref\net8.0\System.Net.Http.Json.dll" /reference:"C:\Program Files\dotnet\packs\Microsoft.NETCore.App.Ref\8.0.21\ref\net8.0\System.Net.HttpListener.dll" /reference:"C:\Program Files\dotnet\packs\Microsoft.NETCore.App.Ref\8.0.21\ref\net8.0\System.Net.Mail.dll" /reference:"C:\Program Files\dotnet\packs\Microsoft.NETCore.App.Ref\8.0.21\ref\net8.0\System.Net.NameResolution.dll" /reference:"C:\Program Files\dotnet\packs\Microsoft.NETCore.App.Ref\8.0.21\ref\net8.0\System.Net.NetworkInformation.dll" /reference:"C:\Program Files\dotnet\packs\Microsoft.NETCore.App.Ref\8.0.21\ref\net8.0\System.Net.Ping.dll" /reference:"C:\Program Files\dotnet\packs\Microsoft.NETCore.App.Ref\8.0.21\ref\net8.0\System.Net.Primitives.dll" /reference:"C:\Program Files\dotnet\packs\Microsoft.NETCore.App.Ref\8.0.21\ref\net8.0\System.Net.Quic.dll" /reference:"C:\Program Files\dotnet\packs\Microsoft.NETCore.App.Ref\8.0.21\ref\net8.0\System.Net.Requests.dll" /reference:"C:\Program Files\dotnet\packs\Microsoft.NETCore.App.Ref\8.0.21\ref\net8.0\System.Net.Security.dll" /reference:"C:\Program Files\dotnet\packs\Microsoft.NETCore.App.Ref\8.0.21\ref\net8.0\System.Net.ServicePoint.dll" /reference:"C:\Program Files\dotnet\packs\Microsoft.NETCore.App.Ref\8.0.21\ref\net8.0\System.Net.Sockets.dll" /reference:"C:\Program Files\dotnet\packs\Microsoft.NETCore.App.Ref\8.0.21\ref\net8.0\System.Net.WebClient.dll" /reference:"C:\Program Files\dotnet\packs\Microsoft.NETCore.App.Ref\8.0.21\ref\net8.0\System.Net.WebHeaderCollection.dll" /reference:"C:\Program Files\dotnet\packs\Microsoft.NETCore.App.Ref\8.0.21\ref\net8.0\System.Net.WebProxy.dll" /reference:"C:\Program Files\dotnet\packs\Microsoft.NETCore.App.Ref\8.0.21\ref\net8.0\System.Net.WebSockets.Client.dll" /reference:"C:\Program Files\dotnet\packs\Microsoft.NETCore.App.Ref\8.0.21\ref\net8.0\System.Net.WebSockets.dll" /reference:"C:\Program Files\dotnet\packs\Microsoft.NETCore.App.Ref\8.0.21\ref\net8.0\System.Numerics.dll" /reference:"C:\Program Files\dotnet\packs\Microsoft.NETCore.App.Ref\8.0.21\ref\net8.0\System.Numerics.Vectors.dll" /reference:"C:\Program Files\dotnet\packs\Microsoft.NETCore.App.Ref\8.0.21\ref\net8.0\System.ObjectModel.dll" /reference:"C:\Program Files\dotnet\packs\Microsoft.NETCore.App.Ref\8.0.21\ref\net8.0\System.Reflection.DispatchProxy.dll" /reference:"C:\Program Files\dotnet\packs\Microsoft.NETCore.App.Ref\8.0.21\ref\net8.0\System.Reflection.dll" /reference:"C:\Program Files\dotnet\packs\Microsoft.NETCore.App.Ref\8.0.21\ref\net8.0\System.Reflection.Emit.dll" /reference:"C:\Program Files\dotnet\packs\Microsoft.NETCore.App.Ref\8.0.21\ref\net8.0\System.Reflection.Emit.ILGeneration.dll" /reference:"C:\Program Files\dotnet\packs\Microsoft.NETCore.App.Ref\8.0.21\ref\net8.0\System.Reflection.Emit.Lightweight.dll" /reference:"C:\Program Files\dotnet\packs\Microsoft.NETCore.App.Ref\8.0.21\ref\net8.0\System.Reflection.Extensions.dll" /reference:"C:\Program Files\dotnet\packs\Microsoft.NETCore.App.Ref\8.0.21\ref\net8.0\System.Reflection.Metadata.dll" /reference:"C:\Program Files\dotnet\packs\Microsoft.NETCore.App.Ref\8.0.21\ref\net8.0\System.Reflection.Primitives.dll" /reference:"C:\Program Files\dotnet\packs\Microsoft.NETCore.App.Ref\8.0.21\ref\net8.0\System.Reflection.TypeExtensions.dll" /reference:"C:\Program Files\dotnet\packs\Microsoft.NETCore.App.Ref\8.0.21\ref\net8.0\System.Resources.Reader.dll" /reference:"C:\Program Files\dotnet\packs\Microsoft.NETCore.App.Ref\8.0.21\ref\net8.0\System.Resources.ResourceManager.dll" /reference:"C:\Program Files\dotnet\packs\Microsoft.NETCore.App.Ref\8.0.21\ref\net8.0\System.Resources.Writer.dll" /reference:"C:\Program Files\dotnet\packs\Microsoft.NETCore.App.Ref\8.0.21\ref\net8.0\System.Runtime.CompilerServices.Unsafe.dll" /reference:"C:\Program Files\dotnet\packs\Microsoft.NETCore.App.Ref\8.0.21\ref\net8.0\System.Runtime.CompilerServices.VisualC.dll" /reference:"C:\Program Files\dotnet\packs\Microsoft.NETCore.App.Ref\8.0.21\ref\net8.0\System.Runtime.dll" /reference:"C:\Program Files\dotnet\packs\Microsoft.NETCore.App.Ref\8.0.21\ref\net8.0\System.Runtime.Extensions.dll" /reference:"C:\Program Files\dotnet\packs\Microsoft.NETCore.App.Ref\8.0.21\ref\net8.0\System.Runtime.Handles.dll" /reference:"C:\Program Files\dotnet\packs\Microsoft.NETCore.App.Ref\8.0.21\ref\net8.0\System.Runtime.InteropServices.dll" /reference:"C:\Program Files\dotnet\packs\Microsoft.NETCore.App.Ref\8.0.21\ref\net8.0\System.Runtime.InteropServices.JavaScript.dll" /reference:"C:\Program Files\dotnet\packs\Microsoft.NETCore.App.Ref\8.0.21\ref\net8.0\System.Runtime.InteropServices.RuntimeInformation.dll" /reference:"C:\Program Files\dotnet\packs\Microsoft.NETCore.App.Ref\8.0.21\ref\net8.0\System.Runtime.Intrinsics.dll" /reference:"C:\Program Files\dotnet\packs\Microsoft.NETCore.App.Ref\8.0.21\ref\net8.0\System.Runtime.Loader.dll" /reference:"C:\Program Files\dotnet\packs\Microsoft.NETCore.App.Ref\8.0.21\ref\net8.0\System.Runtime.Numerics.dll" /reference:"C:\Program Files\dotnet\packs\Microsoft.NETCore.App.Ref\8.0.21\ref\net8.0\System.Runtime.Serialization.dll" /reference:"C:\Program Files\dotnet\packs\Microsoft.NETCore.App.Ref\8.0.21\ref\net8.0\System.Runtime.Serialization.Formatters.dll" /reference:"C:\Program Files\dotnet\packs\Microsoft.NETCore.App.Ref\8.0.21\ref\net8.0\System.Runtime.Serialization.Json.dll" /reference:"C:\Program Files\dotnet\packs\Microsoft.NETCore.App.Ref\8.0.21\ref\net8.0\System.Runtime.Serialization.Primitives.dll" /reference:"C:\Program Files\dotnet\packs\Microsoft.NETCore.App.Ref\8.0.21\ref\net8.0\System.Runtime.Serialization.Xml.dll" /reference:"C:\Program Files\dotnet\packs\Microsoft.NETCore.App.Ref\8.0.21\ref\net8.0\System.Security.AccessControl.dll" /reference:"C:\Program Files\dotnet\packs\Microsoft.NETCore.App.Ref\8.0.21\ref\net8.0\System.Security.Claims.dll" /reference:"C:\Program Files\dotnet\packs\Microsoft.NETCore.App.Ref\8.0.21\ref\net8.0\System.Security.Cryptography.Algorithms.dll" /reference:"C:\Program Files\dotnet\packs\Microsoft.NETCore.App.Ref\8.0.21\ref\net8.0\System.Security.Cryptography.Cng.dll" /reference:"C:\Program Files\dotnet\packs\Microsoft.NETCore.App.Ref\8.0.21\ref\net8.0\System.Security.Cryptography.Csp.dll" /reference:"C:\Program Files\dotnet\packs\Microsoft.NETCore.App.Ref\8.0.21\ref\net8.0\System.Security.Cryptography.dll" /reference:"C:\Program Files\dotnet\packs\Microsoft.NETCore.App.Ref\8.0.21\ref\net8.0\System.Security.Cryptography.Encoding.dll" /reference:"C:\Program Files\dotnet\packs\Microsoft.NETCore.App.Ref\8.0.21\ref\net8.0\System.Security.Cryptography.OpenSsl.dll" /reference:"C:\Program Files\dotnet\packs\Microsoft.NETCore.App.Ref\8.0.21\ref\net8.0\System.Security.Cryptography.Primitives.dll" /reference:C:\Users\manahil\.nuget\packages\system.security.cryptography.protecteddata\6.0.0\lib\net6.0\System.Security.Cryptography.ProtectedData.dll /reference:"C:\Program Files\dotnet\packs\Microsoft.NETCore.App.Ref\8.0.21\ref\net8.0\System.Security.Cryptography.X509Certificates.dll" /reference:"C:\Program Files\dotnet\packs\Microsoft.NETCore.App.Ref\8.0.21\ref\net8.0\System.Security.dll" /reference:"C:\Program Files\dotnet\packs\Microsoft.NETCore.App.Ref\8.0.21\ref\net8.0\System.Security.Principal.dll" /reference:"C:\Program Files\dotnet\packs\Microsoft.NETCore.App.Ref\8.0.21\ref\net8.0\System.Security.Principal.Windows.dll" /reference:"C:\Program Files\dotnet\packs\Microsoft.NETCore.App.Ref\8.0.21\ref\net8.0\System.Security.SecureString.dll" /reference:"C:\Program Files\dotnet\packs\Microsoft.NETCore.App.Ref\8.0.21\ref\net8.0\System.ServiceModel.Web.dll" /reference:"C:\Program Files\dotnet\packs\Microsoft.NETCore.App.Ref\8.0.21\ref\net8.0\System.ServiceProcess.dll" /reference:"C:\Program Files\dotnet\packs\Microsoft.NETCore.App.Ref\8.0.21\ref\net8.0\System.Text.Encoding.CodePages.dll" /reference:"C:\Program Files\dotnet\packs\Microsoft.NETCore.App.Ref\8.0.21\ref\net8.0\System.Text.Encoding.dll" /reference:"C:\Program Files\dotnet\packs\Microsoft.NETCore.App.Ref\8.0.21\ref\net8.0\System.Text.Encoding.Extensions.dll" /reference:"C:\Program Files\dotnet\packs\Microsoft.NETCore.App.Ref\8.0.21\ref\net8.0\System.Text.Encodings.Web.dll" /reference:"C:\Program Files\dotnet\packs\Microsoft.NETCore.App.Ref\8.0.21\ref\net8.0\System.Text.Json.dll" /reference:"C:\Program Files\dotnet\packs\Microsoft.NETCore.App.Ref\8.0.21\ref\net8.0\System.Text.RegularExpressions.dll" /reference:"C:\Program Files\dotnet\packs\Microsoft.NETCore.App.Ref\8.0.21\ref\net8.0\System.Threading.Channels.dll" /reference:"C:\Program Files\dotnet\packs\Microsoft.NETCore.App.Ref\8.0.21\ref\net8.0\System.Threading.dll" /reference:"C:\Program Files\dotnet\packs\Microsoft.NETCore.App.Ref\8.0.21\ref\net8.0\System.Threading.Overlapped.dll" /reference:"C:\Program Files\dotnet\packs\Microsoft.NETCore.App.Ref\8.0.21\ref\net8.0\System.Threading.Tasks.Dataflow.dll" /reference:"C:\Program Files\dotnet\packs\Microsoft.NETCore.App.Ref\8.0.21\ref\net8.0\System.Threading.Tasks.dll" /reference:"C:\Program Files\dotnet\packs\Microsoft.NETCore.App.Ref\8.0.21\ref\net8.0\System.Threading.Tasks.Extensions.dll" /reference:"C:\Program Files\dotnet\packs\Microsoft.NETCore.App.Ref\8.0.21\ref\net8.0\System.Threading.Tasks.Parallel.dll" /reference:"C:\Program Files\dotnet\packs\Microsoft.NETCore.App.Ref\8.0.21\ref\net8.0\System.Threading.Thread.dll" /reference:"C:\Program Files\dotnet\packs\Microsoft.NETCore.App.Ref\8.0.21\ref\net8.0\System.Threading.ThreadPool.dll" /reference:"C:\Program Files\dotnet\packs\Microsoft.NETCore.App.Ref\8.0.21\ref\net8.0\System.Threading.Timer.dll" /reference:"C:\Program Files\dotnet\packs\Microsoft.NETCore.App.Ref\8.0.21\ref\net8.0\System.Transactions.dll" /reference:"C:\Program Files\dotnet\packs\Microsoft.NETCore.App.Ref\8.0.21\ref\net8.0\System.Transactions.Local.dll" /reference:"C:\Program Files\dotnet\packs\Microsoft.NETCore.App.Ref\8.0.21\ref\net8.0\System.ValueTuple.dll" /reference:"C:\Program Files\dotnet\packs\Microsoft.NETCore.App.Ref\8.0.21\ref\net8.0\System.Web.dll" /reference:"C:\Program Files\dotnet\packs\Microsoft.NETCore.App.Ref\8.0.21\ref\net8.0\System.Web.HttpUtility.dll" /reference:"C:\Program Files\dotnet\packs\Microsoft.NETCore.App.Ref\8.0.21\ref\net8.0\System.Windows.dll" /reference:"C:\Program Files\dotnet\packs\Microsoft.NETCore.App.Ref\8.0.21\ref\net8.0\System.Xml.dll" /reference:"C:\Program Files\dotnet\packs\Microsoft.NETCore.App.Ref\8.0.21\ref\net8.0\System.Xml.Linq.dll" /reference:"C:\Program Files\dotnet\packs\Microsoft.NETCore.App.Ref\8.0.21\ref\net8.0\System.Xml.ReaderWriter.dll" /reference:"C:\Program Files\dotnet\packs\Microsoft.NETCore.App.Ref\8.0.21\ref\net8.0\System.Xml.Serialization.dll" /reference:"C:\Program Files\dotnet\packs\Microsoft.NETCore.App.Ref\8.0.21\ref\net8.0\System.Xml.XDocument.dll" /reference:"C:\Program Files\dotnet\packs\Microsoft.NETCore.App.Ref\8.0.21\ref\net8.0\System.Xml.XmlDocument.dll" /reference:"C:\Program Files\dotnet\packs\Microsoft.NETCore.App.Ref\8.0.21\ref\net8.0\System.Xml.XmlSerializer.dll" /reference:"C:\Program Files\dotnet\packs\Microsoft.NETCore.App.Ref\8.0.21\ref\net8.0\System.Xml.XPath.dll" /reference:"C:\Program Files\dotnet\packs\Microsoft.NETCore.App.Ref\8.0.21\ref\net8.0\System.Xml.XPath.XDocument.dll" /reference:"C:\Program Files\dotnet\packs\Microsoft.NETCore.App.Ref\8.0.21\ref\net8.0\WindowsBase.dll" /debug+ /debug:portable /filealign:512 /optimize- /out:obj\Debug\net8.0\Promotions.Infrastructure.dll /refout:obj\Debug\net8.0\refint\Promotions.Infrastructure.dll /target:library /warnaserror- /utf8output /deterministic+ /langversion:12.0 /analyzerconfig:obj\Debug\net8.0\Promotions.Infrastructure.GeneratedMSBuildEditorConfig.editorconfig /analyzerconfig:"C:\Program Files\dotnet\sdk\9.0.306\Sdks\Microsoft.NET.Sdk\analyzers\build\config\analysislevel_8_default.globalconfig" /analyzer:"C:\Program Files\dotnet\sdk\9.0.306\Sdks\Microsoft.NET.Sdk\targets\..\analyzers\Microsoft.CodeAnalysis.CSharp.NetAnalyzers.dll" /analyzer:"C:\Program Files\dotnet\sdk\9.0.306\Sdks\Microsoft.NET.Sdk\targets\..\analyzers\Microsoft.CodeAnalysis.NetAnalyzers.dll" /analyzer:C:\Users\manahil\.nuget\packages\microsoft.codeanalysis.analyzers\3.3.3\analyzers\dotnet\cs\Microsoft.CodeAnalysis.Analyzers.dll /analyzer:C:\Users\manahil\.nuget\packages\microsoft.codeanalysis.analyzers\3.3.3\analyzers\dotnet\cs\Microsoft.CodeAnalysis.CSharp.Analyzers.dll /analyzer:C:\Users\manahil\.nuget\packages\microsoft.entityframeworkcore.analyzers\8.0.0\analyzers\dotnet\cs\Microsoft.EntityFrameworkCore.Analyzers.dll /analyzer:C:\Users\manahil\.nuget\packages\microsoft.extensions.logging.abstractions\8.0.0\analyzers\dotnet\roslyn4.4\cs\Microsoft.Extensions.Logging.Generators.dll /analyzer:C:\Users\manahil\.nuget\packages\microsoft.extensions.options\8.0.0\analyzers\dotnet\roslyn4.4\cs\Microsoft.Extensions.Options.SourceGeneration.dll /analyzer:"C:\Program Files\dotnet\packs\Microsoft.NETCore.App.Ref\8.0.21\analyzers/dotnet/cs/Microsoft.Interop.ComInterfaceGenerator.dll" /analyzer:"C:\Program Files\dotnet\packs\Microsoft.NETCore.App.Ref\8.0.21\analyzers/dotnet/cs/Microsoft.Interop.JavaScript.JSImportGenerator.dll" /analyzer:"C:\Program Files\dotnet\packs\Microsoft.NETCore.App.Ref\8.0.21\analyzers/dotnet/cs/Microsoft.Interop.LibraryImportGenerator.dll" /analyzer:"C:\Program Files\dotnet\packs\Microsoft.NETCore.App.Ref\8.0.21\analyzers/dotnet/cs/Microsoft.Interop.SourceGeneration.dll" /analyzer:"C:\Program Files\dotnet\packs\Microsoft.NETCore.App.Ref\8.0.21\analyzers/dotnet/cs/System.Text.Json.SourceGeneration.dll" /analyzer:"C:\Program Files\dotnet\packs\Microsoft.NETCore.App.Ref\8.0.21\analyzers/dotnet/cs/System.Text.RegularExpressions.Generator.dll" Class1.cs DependencyInjection.cs ExternalServices\FileStorageClient.cs Messaging\PromotionEventPublisher.cs Migrations\20251218083313_InitialCreate.cs Migrations\20251218083313_InitialCreate.Designer.cs Migrations\20251230100934_AddParticipantsTable.cs Migrations\20251230100934_AddParticipantsTable.Designer.cs Migrations\20251230132713_AddDeliveryPointsTable.cs Migrations\20251230132713_AddDeliveryPointsTable.Designer.cs Migrations\PromotionsDbContextModelSnapshot.cs Persistence\Configurations\CustomerRelationConfiguration.cs Persistence\Configurations\ParticipantConfiguration.cs Persistence\Configurations\ProductDetailConfiguration.cs Persistence\Configurations\PromoDeliveryPointConfiguration.cs Persistence\Configurations\PromoMeasureFieldConfiguration.cs Persistence\Configurations\PromotionConfiguration.cs Persistence\Configurations\PromotionProductConfiguration.cs Persistence\PromotionsDbContext.cs Persistence\Repositories\CustomerRelationRepository.cs Persistence\Repositories\DeliveryPointRepository.cs Persistence\Repositories\ParticipantRepository.cs Persistence\Repositories\PromoMeasureFieldRepository.cs obj\Debug\net8.0\Promotions.Infrastructure.GlobalUsings.g.cs "obj\Debug\net8.0\.NETCoreApp,Version=v8.0.AssemblyAttributes.cs" obj\Debug\net8.0\Promotions.Infrastructure.AssemblyInfo.cs /warnaserror+:NU1605,SYSLIB0011
     4>C:\MyCompany\MyCompany\Promotions.Infrastructure\DependencyInjection.cs(22,32): error CS0246: The type or namespace name 'ICustomerRelationRepository' could not be found (are you missing a using directive or an assembly reference?) [C:\MyCompany\MyCompany\Promotions.Infrastructure\Promotions.Infrastructure.csproj]
     4>C:\MyCompany\MyCompany\Promotions.Infrastructure\DependencyInjection.cs(22,22): error CS0311: The type 'Promotions.Infrastructure.Persistence.Repositories.CustomerRelationRepository' cannot be used as type parameter 'TImplementation' in the generic type or method 'ServiceCollectionServiceExtensions.AddScoped<TService, TImplementation>(IServiceCollection)'. There is no implicit reference conversion from 'Promotions.Infrastructure.Persistence.Repositories.CustomerRelationRepository' to 'ICustomerRelationRepository'. [C:\MyCompany\MyCompany\Promotions.Infrastructure\Promotions.Infrastructure.csproj]
         CompilerServer: server - server processed compilation - Promotions.Infrastructure (net8.0)
     4>Done Building Project "C:\MyCompany\MyCompany\Promotions.Infrastructure\Promotions.Infrastructure.csproj" (default targets) -- FAILED.
     1>Done Building Project "C:\MyCompany\MyCompany\Promotions.Api\Promotions.Api.csproj" (default targets) -- FAILED.

Build FAILED.

       "C:\MyCompany\MyCompany\Promotions.Api\Promotions.Api.csproj" (default target) (1:7) ->
       "C:\MyCompany\MyCompany\Promotions.Infrastructure\Promotions.Infrastructure.csproj" (default target) (4:6) ->
       (CoreCompile target) -> 
         C:\MyCompany\MyCompany\Promotions.Infrastructure\DependencyInjection.cs(22,32): error CS0246: The type or namespace name 'ICustomerRelationRepository' could not be found (are you missing a using directive or an assembly reference?) [C:\MyCompany\MyCompany\Promotions.Infrastructure\Promotions.Infrastructure.csproj]
         C:\MyCompany\MyCompany\Promotions.Infrastructure\DependencyInjection.cs(22,22): error CS0311: The type 'Promotions.Infrastructure.Persistence.Repositories.CustomerRelationRepository' cannot be used as type parameter 'TImplementation' in the generic type or method 'ServiceCollectionServiceExtensions.AddScoped<TService, TImplementation>(IServiceCollection)'. There is no implicit reference conversion from 'Promotions.Infrastructure.Persistence.Repositories.CustomerRelationRepository' to 'ICustomerRelationRepository'. [C:\MyCompany\MyCompany\Promotions.Infrastructure\Promotions.Infrastructure.csproj]

    0 Warning(s)
    2 Error(s)

Time Elapsed 00:00:01.70
