  Determining projects to restore...
  All projects are up-to-date for restore.
  Promotions.Contracts -> C:\MyCompany\MyCompany\Promotions.Contracts\bin\Debug\net8.0\Promotions.Contracts.dll
  Promotions.Domain -> C:\MyCompany\MyCompany\Promotions.Domain\bin\Debug\net8.0\Promotions.Domain.dll
  Promotions.Application -> C:\MyCompany\MyCompany\Promotions.Application\bin\Debug\net8.0\Promotions.Application.dll
  Promotions.Infrastructure -> C:\MyCompany\MyCompany\Promotions.Infrastructure\bin\Debug\net8.0\Promotions.Infrastructure.dll

Build succeeded.
    0 Warning(s)
    0 Error(s)

Time Elapsed 00:00:01.62
