2026-01-23 11:11:09.436 +05:00 [WRN] JWT authentication failed
Microsoft.IdentityModel.Tokens.SecurityTokenExpiredException: IDX10223: Lifetime validation failed. The token is expired. ValidTo (UTC): '1/22/2026 12:17:22 PM', Current time (UTC): '1/23/2026 6:11:09 AM'.
   at Microsoft.IdentityModel.Tokens.Validators.ValidateLifetime(Nullable`1 notBefore, Nullable`1 expires, SecurityToken securityToken, TokenValidationParameters validationParameters)
   at Microsoft.IdentityModel.JsonWebTokens.JsonWebTokenHandler.ValidateTokenPayloadAsync(JsonWebToken jsonWebToken, TokenValidationParameters validationParameters, BaseConfiguration configuration)
   at Microsoft.IdentityModel.JsonWebTokens.JsonWebTokenHandler.ValidateJWSAsync(JsonWebToken jsonWebToken, TokenValidationParameters validationParameters, BaseConfiguration configuration)
2026-01-23 11:11:09.436 +05:00 [WRN] JWT authentication failed
Microsoft.IdentityModel.Tokens.SecurityTokenExpiredException: IDX10223: Lifetime validation failed. The token is expired. ValidTo (UTC): '1/22/2026 12:17:22 PM', Current time (UTC): '1/23/2026 6:11:09 AM'.
   at Microsoft.IdentityModel.Tokens.Validators.ValidateLifetime(Nullable`1 notBefore, Nullable`1 expires, SecurityToken securityToken, TokenValidationParameters validationParameters)
   at Microsoft.IdentityModel.JsonWebTokens.JsonWebTokenHandler.ValidateTokenPayloadAsync(JsonWebToken jsonWebToken, TokenValidationParameters validationParameters, BaseConfiguration configuration)
   at Microsoft.IdentityModel.JsonWebTokens.JsonWebTokenHandler.ValidateJWSAsync(JsonWebToken jsonWebToken, TokenValidationParameters validationParameters, BaseConfiguration configuration)
2026-01-23 11:11:09.436 +05:00 [WRN] JWT authentication failed
Microsoft.IdentityModel.Tokens.SecurityTokenExpiredException: IDX10223: Lifetime validation failed. The token is expired. ValidTo (UTC): '1/22/2026 12:17:22 PM', Current time (UTC): '1/23/2026 6:11:09 AM'.
   at Microsoft.IdentityModel.Tokens.Validators.ValidateLifetime(Nullable`1 notBefore, Nullable`1 expires, SecurityToken securityToken, TokenValidationParameters validationParameters)
   at Microsoft.IdentityModel.JsonWebTokens.JsonWebTokenHandler.ValidateTokenPayloadAsync(JsonWebToken jsonWebToken, TokenValidationParameters validationParameters, BaseConfiguration configuration)
   at Microsoft.IdentityModel.JsonWebTokens.JsonWebTokenHandler.ValidateJWSAsync(JsonWebToken jsonWebToken, TokenValidationParameters validationParameters, BaseConfiguration configuration)
2026-01-23 11:11:09.436 +05:00 [WRN] JWT authentication failed
Microsoft.IdentityModel.Tokens.SecurityTokenExpiredException: IDX10223: Lifetime validation failed. The token is expired. ValidTo (UTC): '1/22/2026 12:17:22 PM', Current time (UTC): '1/23/2026 6:11:09 AM'.
   at Microsoft.IdentityModel.Tokens.Validators.ValidateLifetime(Nullable`1 notBefore, Nullable`1 expires, SecurityToken securityToken, TokenValidationParameters validationParameters)
   at Microsoft.IdentityModel.JsonWebTokens.JsonWebTokenHandler.ValidateTokenPayloadAsync(JsonWebToken jsonWebToken, TokenValidationParameters validationParameters, BaseConfiguration configuration)
   at Microsoft.IdentityModel.JsonWebTokens.JsonWebTokenHandler.ValidateJWSAsync(JsonWebToken jsonWebToken, TokenValidationParameters validationParameters, BaseConfiguration configuration)
2026-01-23 11:11:10.089 +05:00 [INF] HTTP GET /api/promotions/customer-relations responded 401 in 854.1594 ms | User: Anonymous (N/A) | IP: ::1 | RequestBody:  | ResponseBody: 
2026-01-23 11:11:10.089 +05:00 [INF] HTTP GET /api/participants/all responded 401 in 852.9021 ms | User: Anonymous (N/A) | IP: ::1 | RequestBody:  | ResponseBody: 
2026-01-23 11:11:10.089 +05:00 [INF] HTTP GET /api/promotions/delivery-points responded 401 in 853.2293 ms | User: Anonymous (N/A) | IP: ::1 | RequestBody:  | ResponseBody: 
2026-01-23 11:11:10.089 +05:00 [INF] HTTP GET /api/promotions/actions responded 401 in 852.8922 ms | User: Anonymous (N/A) | IP: ::1 | RequestBody:  | ResponseBody: 
2026-01-23 11:11:10.133 +05:00 [INF] HTTP GET /api/promotions/customer-relations responded 401 in 896.1264 ms
2026-01-23 11:11:10.139 +05:00 [INF] HTTP GET /api/participants/all responded 401 in 905.5226 ms
2026-01-23 11:11:10.148 +05:00 [INF] HTTP GET /api/promotions/delivery-points responded 401 in 914.5608 ms
2026-01-23 11:11:10.153 +05:00 [INF] HTTP GET /api/promotions/actions responded 401 in 919.1864 ms
2026-01-23 11:11:10.238 +05:00 [WRN] JWT authentication failed
Microsoft.IdentityModel.Tokens.SecurityTokenExpiredException: IDX10223: Lifetime validation failed. The token is expired. ValidTo (UTC): '1/22/2026 12:17:22 PM', Current time (UTC): '1/23/2026 6:11:10 AM'.
   at Microsoft.IdentityModel.Tokens.Validators.ValidateLifetime(Nullable`1 notBefore, Nullable`1 expires, SecurityToken securityToken, TokenValidationParameters validationParameters)
   at Microsoft.IdentityModel.JsonWebTokens.JsonWebTokenHandler.ValidateTokenPayloadAsync(JsonWebToken jsonWebToken, TokenValidationParameters validationParameters, BaseConfiguration configuration)
   at Microsoft.IdentityModel.JsonWebTokens.JsonWebTokenHandler.ValidateJWSAsync(JsonWebToken jsonWebToken, TokenValidationParameters validationParameters, BaseConfiguration configuration)
2026-01-23 11:11:10.259 +05:00 [INF] HTTP GET /api/participants/all responded 401 in 21.6415 ms | User: Anonymous (N/A) | IP: ::1 | RequestBody:  | ResponseBody: 
2026-01-23 11:11:10.272 +05:00 [WRN] JWT authentication failed
Microsoft.IdentityModel.Tokens.SecurityTokenExpiredException: IDX10223: Lifetime validation failed. The token is expired. ValidTo (UTC): '1/22/2026 12:17:22 PM', Current time (UTC): '1/23/2026 6:11:10 AM'.
   at Microsoft.IdentityModel.Tokens.Validators.ValidateLifetime(Nullable`1 notBefore, Nullable`1 expires, SecurityToken securityToken, TokenValidationParameters validationParameters)
   at Microsoft.IdentityModel.JsonWebTokens.JsonWebTokenHandler.ValidateTokenPayloadAsync(JsonWebToken jsonWebToken, TokenValidationParameters validationParameters, BaseConfiguration configuration)
   at Microsoft.IdentityModel.JsonWebTokens.JsonWebTokenHandler.ValidateJWSAsync(JsonWebToken jsonWebToken, TokenValidationParameters validationParameters, BaseConfiguration configuration)
2026-01-23 11:11:10.272 +05:00 [WRN] JWT authentication failed
Microsoft.IdentityModel.Tokens.SecurityTokenExpiredException: IDX10223: Lifetime validation failed. The token is expired. ValidTo (UTC): '1/22/2026 12:17:22 PM', Current time (UTC): '1/23/2026 6:11:10 AM'.
   at Microsoft.IdentityModel.Tokens.Validators.ValidateLifetime(Nullable`1 notBefore, Nullable`1 expires, SecurityToken securityToken, TokenValidationParameters validationParameters)
   at Microsoft.IdentityModel.JsonWebTokens.JsonWebTokenHandler.ValidateTokenPayloadAsync(JsonWebToken jsonWebToken, TokenValidationParameters validationParameters, BaseConfiguration configuration)
   at Microsoft.IdentityModel.JsonWebTokens.JsonWebTokenHandler.ValidateJWSAsync(JsonWebToken jsonWebToken, TokenValidationParameters validationParameters, BaseConfiguration configuration)
2026-01-23 11:11:10.273 +05:00 [WRN] JWT authentication failed
Microsoft.IdentityModel.Tokens.SecurityTokenExpiredException: IDX10223: Lifetime validation failed. The token is expired. ValidTo (UTC): '1/22/2026 12:17:22 PM', Current time (UTC): '1/23/2026 6:11:10 AM'.
   at Microsoft.IdentityModel.Tokens.Validators.ValidateLifetime(Nullable`1 notBefore, Nullable`1 expires, SecurityToken securityToken, TokenValidationParameters validationParameters)
   at Microsoft.IdentityModel.JsonWebTokens.JsonWebTokenHandler.ValidateTokenPayloadAsync(JsonWebToken jsonWebToken, TokenValidationParameters validationParameters, BaseConfiguration configuration)
   at Microsoft.IdentityModel.JsonWebTokens.JsonWebTokenHandler.ValidateJWSAsync(JsonWebToken jsonWebToken, TokenValidationParameters validationParameters, BaseConfiguration configuration)
2026-01-23 11:11:10.313 +05:00 [INF] HTTP GET /api/participants/all responded 401 in 75.6921 ms
2026-01-23 11:11:10.319 +05:00 [INF] HTTP GET /api/promotions/delivery-points responded 401 in 47.6544 ms | User: Anonymous (N/A) | IP: ::1 | RequestBody:  | ResponseBody: 
2026-01-23 11:11:10.334 +05:00 [INF] HTTP GET /api/promotions/actions responded 401 in 66.7067 ms | User: Anonymous (N/A) | IP: ::1 | RequestBody:  | ResponseBody: 
2026-01-23 11:11:10.346 +05:00 [INF] HTTP GET /api/promotions/customer-relations responded 401 in 74.5969 ms | User: Anonymous (N/A) | IP: ::1 | RequestBody:  | ResponseBody: 
2026-01-23 11:11:10.421 +05:00 [INF] HTTP GET /api/promotions/delivery-points responded 401 in 150.0854 ms
2026-01-23 11:11:10.427 +05:00 [INF] HTTP GET /api/promotions/customer-relations responded 401 in 154.9061 ms
2026-01-23 11:11:10.445 +05:00 [INF] HTTP GET /api/promotions/actions responded 401 in 171.0870 ms
