2026-02-05 10:31:56.058 +05:00 [INF] User ali@gmail.com logged in successfully. UserId: 14
2026-02-05 10:31:56.319 +05:00 [INF] HTTP POST /api/auth/login responded 200 in 6496.8007 ms | User: Anonymous (N/A) | IP: ::1 | RequestBody:  | ResponseBody: {"accessToken":"eyJhbGciOiJIUzI1NiIsInR5cCI6IkpXVCJ9.eyJzdWIiOiIxNCIsImVtYWlsIjoiYWxpQGdtYWlsLmNvbSIsInVuaXF1ZV9uYW1lIjoiYWxpIiwiaHR0cDovL3NjaGVtYXMubWljcm9zb2Z0LmNvbS93cy8yMDA4LzA2L2lkZW50aXR5L2NsYWltcy9yb2xlIjoiVXNlciIsIlNlc3Npb25JZCI6IjM0ZjQxNjZkLWJiZDUtNGU2NC1hNzIwLTU3YTY0NDg4ZjU2ZSIsImV4cCI6MTc3MDI3NjcxNSwiaXNzIjoiTXlDb21wYW55IiwiYXVkIjoiTXlDb21wYW55VXNlcnMifQ.twwWWscjdg-7-_6tK65Pns_Nkv9FimzKylggRp44osU","refreshToken":"0eb5db38-80cb-4890-b988-e8b72648206d","userName":"ali"}
2026-02-05 10:32:52.624 +05:00 [INF] User ali@gmail.com logged in successfully. UserId: 14
2026-02-05 10:32:52.642 +05:00 [INF] HTTP POST /api/auth/login responded 200 in 848.6276 ms | User: Anonymous (N/A) | IP: ::1 | RequestBody:  | ResponseBody: {"accessToken":"eyJhbGciOiJIUzI1NiIsInR5cCI6IkpXVCJ9.eyJzdWIiOiIxNCIsImVtYWlsIjoiYWxpQGdtYWlsLmNvbSIsInVuaXF1ZV9uYW1lIjoiYWxpIiwiaHR0cDovL3NjaGVtYXMubWljcm9zb2Z0LmNvbS93cy8yMDA4LzA2L2lkZW50aXR5L2NsYWltcy9yb2xlIjoiVXNlciIsIlNlc3Npb25JZCI6IjcyZTA4MTI3LTQ2YWUtNDUyNS05MjEwLWJmYTgwYjExMDhlYiIsImV4cCI6MTc3MDI3Njc3MiwiaXNzIjoiTXlDb21wYW55IiwiYXVkIjoiTXlDb21wYW55VXNlcnMifQ.7ySbOE8OnuWW2ImTwlkhtHtT174PUCt67up9fCCWxyA","refreshToken":"a06a3f95-2eda-4562-a1ad-cf9f61a59482","userName":"ali"}
2026-02-05 10:45:20.131 +05:00 [INF] User ali@gmail.com logged in successfully. UserId: 14
2026-02-05 10:45:20.161 +05:00 [INF] HTTP POST /api/auth/login responded 200 in 1217.4826 ms | User: Anonymous (N/A) | IP: ::1 | RequestBody:  | ResponseBody: {"accessToken":"eyJhbGciOiJIUzI1NiIsInR5cCI6IkpXVCJ9.eyJzdWIiOiIxNCIsImVtYWlsIjoiYWxpQGdtYWlsLmNvbSIsInVuaXF1ZV9uYW1lIjoiYWxpIiwiaHR0cDovL3NjaGVtYXMubWljcm9zb2Z0LmNvbS93cy8yMDA4LzA2L2lkZW50aXR5L2NsYWltcy9yb2xlIjoiVXNlciIsIlNlc3Npb25JZCI6IjM2NWMyZWVlLTU1ZjMtNGQyOS04Yjg5LTBiMGI1ZGViN2FiNyIsImV4cCI6MTc3MDI3NzUxOSwiaXNzIjoiTXlDb21wYW55IiwiYXVkIjoiTXlDb21wYW55VXNlcnMifQ.frchQUr8HoQRW1iLP0t1Lv4abAHo3KCNL73_QJPiV0A","refreshToken":"7332a52a-79fa-426f-99f2-e37d12b57e40","userName":"ali"}
2026-02-05 10:49:21.826 +05:00 [INF] HTTP GET /api/auth/validate-session responded 404 in 1045.7221 ms | User: ali (N/A) | IP: ::1 | RequestBody:  | ResponseBody: 
2026-02-05 10:49:21.847 +05:00 [WRN] Session Mismatch! User: 14. TokenSession: 34f4166d-bbd5-4e64-a720-57a64488f56e, DBSession: 365c2eee-55f3-4d29-8b89-0b0b5deb7ab7
2026-02-05 10:49:21.856 +05:00 [INF] HTTP GET /api/auth/validate-session responded 401 in 1075.9975 ms | User: ali (N/A) | IP: ::1 | RequestBody:  | ResponseBody: {"message": "Session expired. You are logged in on another device."}
2026-02-05 10:52:05.928 +05:00 [INF] User ali@gmail.com logged in successfully. UserId: 14
2026-02-05 10:52:05.989 +05:00 [INF] HTTP POST /api/auth/login responded 200 in 1089.6614 ms | User: Anonymous (N/A) | IP: ::1 | RequestBody:  | ResponseBody: {"accessToken":"eyJhbGciOiJIUzI1NiIsInR5cCI6IkpXVCJ9.eyJzdWIiOiIxNCIsImVtYWlsIjoiYWxpQGdtYWlsLmNvbSIsInVuaXF1ZV9uYW1lIjoiYWxpIiwiaHR0cDovL3NjaGVtYXMubWljcm9zb2Z0LmNvbS93cy8yMDA4LzA2L2lkZW50aXR5L2NsYWltcy9yb2xlIjoiVXNlciIsIlNlc3Npb25JZCI6IjRmMmU2Yjc4LWNkNGYtNDkxNS04YzI2LTY2NzcxNjdhMDlhNCIsImV4cCI6MTc3MDI3NzkyNSwiaXNzIjoiTXlDb21wYW55IiwiYXVkIjoiTXlDb21wYW55VXNlcnMifQ.Uk8C8l_gByCoQNFaKk2gZyiswGuj2WZmjpPBR3fdJlc","refreshToken":"51e5030b-1028-4d45-a5b4-5f86c61e56ee","userName":"ali"}
2026-02-05 10:52:06.429 +05:00 [INF] HTTP GET /api/auth/validate-session responded 404 in 51.4083 ms | User: ali (N/A) | IP: ::1 | RequestBody:  | ResponseBody: 
2026-02-05 10:52:31.472 +05:00 [WRN] Session Mismatch! User: 14. TokenSession: 365c2eee-55f3-4d29-8b89-0b0b5deb7ab7, DBSession: 4f2e6b78-cd4f-4915-8c26-6677167a09a4
2026-02-05 10:52:31.482 +05:00 [INF] HTTP GET /api/auth/validate-session responded 401 in 69.9341 ms | User: ali (N/A) | IP: ::1 | RequestBody:  | ResponseBody: {"message": "Session expired. You are logged in on another device."}
2026-02-05 10:52:31.720 +05:00 [WRN] Session Mismatch! User: 14. TokenSession: 365c2eee-55f3-4d29-8b89-0b0b5deb7ab7, DBSession: 4f2e6b78-cd4f-4915-8c26-6677167a09a4
2026-02-05 10:52:31.728 +05:00 [INF] HTTP GET /api/auth/validate-session responded 401 in 20.7928 ms | User: ali (N/A) | IP: ::1 | RequestBody:  | ResponseBody: {"message": "Session expired. You are logged in on another device."}
2026-02-05 10:52:40.690 +05:00 [INF] User ali@gmail.com logged in successfully. UserId: 14
2026-02-05 10:52:40.717 +05:00 [INF] HTTP POST /api/auth/login responded 200 in 374.1205 ms | User: Anonymous (N/A) | IP: ::1 | RequestBody:  | ResponseBody: {"accessToken":"eyJhbGciOiJIUzI1NiIsInR5cCI6IkpXVCJ9.eyJzdWIiOiIxNCIsImVtYWlsIjoiYWxpQGdtYWlsLmNvbSIsInVuaXF1ZV9uYW1lIjoiYWxpIiwiaHR0cDovL3NjaGVtYXMubWljcm9zb2Z0LmNvbS93cy8yMDA4LzA2L2lkZW50aXR5L2NsYWltcy9yb2xlIjoiVXNlciIsIlNlc3Npb25JZCI6Ijk3OTM2MTg4LTQ5YWMtNDgxMC1hNDM2LTMzN2Y5ZDM5ZmNmMyIsImV4cCI6MTc3MDI3Nzk2MCwiaXNzIjoiTXlDb21wYW55IiwiYXVkIjoiTXlDb21wYW55VXNlcnMifQ.krS-IjrfjyWKW12hsJr3mLT1fde_ebOGWakFhR3LMmM","refreshToken":"1c8dcea2-baf1-4e6e-9a07-7df843b66b1e","userName":"ali"}
2026-02-05 10:52:40.964 +05:00 [INF] HTTP GET /api/auth/validate-session responded 404 in 14.0707 ms | User: ali (N/A) | IP: ::1 | RequestBody:  | ResponseBody: 
2026-02-05 10:52:54.383 +05:00 [INF] HTTP GET /api/auth/validate-session responded 404 in 11.1467 ms | User: ali (N/A) | IP: ::1 | RequestBody:  | ResponseBody: 
2026-02-05 10:52:54.502 +05:00 [INF] HTTP GET /api/auth/validate-session responded 404 in 6.0987 ms | User: ali (N/A) | IP: ::1 | RequestBody:  | ResponseBody: 
2026-02-05 10:53:09.435 +05:00 [WRN] Session Mismatch! User: 14. TokenSession: 4f2e6b78-cd4f-4915-8c26-6677167a09a4, DBSession: 97936188-49ac-4810-a436-337f9d39fcf3
2026-02-05 10:53:09.441 +05:00 [INF] HTTP GET /api/auth/validate-session responded 401 in 24.3329 ms | User: ali (N/A) | IP: ::1 | RequestBody:  | ResponseBody: {"message": "Session expired. You are logged in on another device."}
2026-02-05 10:53:09.680 +05:00 [WRN] Session Mismatch! User: 14. TokenSession: 4f2e6b78-cd4f-4915-8c26-6677167a09a4, DBSession: 97936188-49ac-4810-a436-337f9d39fcf3
2026-02-05 10:53:09.688 +05:00 [INF] HTTP GET /api/auth/validate-session responded 401 in 19.7282 ms | User: ali (N/A) | IP: ::1 | RequestBody:  | ResponseBody: {"message": "Session expired. You are logged in on another device."}
2026-02-05 10:53:40.052 +05:00 [INF] User ali@gmail.com logged in successfully. UserId: 14
2026-02-05 10:53:40.057 +05:00 [INF] HTTP POST /api/auth/login responded 200 in 404.9913 ms | User: Anonymous (N/A) | IP: ::1 | RequestBody:  | ResponseBody: {"accessToken":"eyJhbGciOiJIUzI1NiIsInR5cCI6IkpXVCJ9.eyJzdWIiOiIxNCIsImVtYWlsIjoiYWxpQGdtYWlsLmNvbSIsInVuaXF1ZV9uYW1lIjoiYWxpIiwiaHR0cDovL3NjaGVtYXMubWljcm9zb2Z0LmNvbS93cy8yMDA4LzA2L2lkZW50aXR5L2NsYWltcy9yb2xlIjoiVXNlciIsIlNlc3Npb25JZCI6ImVlNjhiY2NkLThkNDUtNDc1YS05MjBjLTRkM2Q2ZmRkMGVmYiIsImV4cCI6MTc3MDI3ODAyMCwiaXNzIjoiTXlDb21wYW55IiwiYXVkIjoiTXlDb21wYW55VXNlcnMifQ.-TKxxagNuHHqEmag-OHMHpKtku7-jtG-LFkELyAF7nc","refreshToken":"fd665cc1-5d0e-4d78-897a-a81f63a0726f","userName":"ali"}
2026-02-05 10:53:40.387 +05:00 [INF] HTTP GET /api/auth/validate-session responded 404 in 7.0758 ms | User: ali (N/A) | IP: ::1 | RequestBody:  | ResponseBody: 
2026-02-05 10:54:09.578 +05:00 [INF] User ali@gmail.com logged in successfully. UserId: 14
2026-02-05 10:54:09.598 +05:00 [INF] HTTP POST /api/auth/login responded 200 in 404.4604 ms | User: Anonymous (N/A) | IP: ::1 | RequestBody:  | ResponseBody: {"accessToken":"eyJhbGciOiJIUzI1NiIsInR5cCI6IkpXVCJ9.eyJzdWIiOiIxNCIsImVtYWlsIjoiYWxpQGdtYWlsLmNvbSIsInVuaXF1ZV9uYW1lIjoiYWxpIiwiaHR0cDovL3NjaGVtYXMubWljcm9zb2Z0LmNvbS93cy8yMDA4LzA2L2lkZW50aXR5L2NsYWltcy9yb2xlIjoiVXNlciIsIlNlc3Npb25JZCI6IjU0NTEzZjA5LWRhYzctNDYzMC05ZWE0LTIyNDM4MjY3YWJmOCIsImV4cCI6MTc3MDI3ODA0OSwiaXNzIjoiTXlDb21wYW55IiwiYXVkIjoiTXlDb21wYW55VXNlcnMifQ.rW74eJJE43vgZCuS0AfyjY5TlPuD2rnfonbGDCk9E4w","refreshToken":"50652d78-da69-412d-93d2-6043d49bf4c0","userName":"ali"}
2026-02-05 10:54:09.959 +05:00 [INF] HTTP GET /api/auth/validate-session responded 404 in 8.1024 ms | User: ali (N/A) | IP: ::1 | RequestBody:  | ResponseBody: 
2026-02-05 10:54:26.854 +05:00 [WRN] Session Mismatch! User: 14. TokenSession: ee68bccd-8d45-475a-920c-4d3d6fdd0efb, DBSession: 54513f09-dac7-4630-9ea4-22438267abf8
2026-02-05 10:54:26.861 +05:00 [INF] HTTP GET /api/auth/validate-session responded 401 in 15.7766 ms | User: ali (N/A) | IP: ::1 | RequestBody:  | ResponseBody: {"message": "Session expired. You are logged in on another device."}
2026-02-05 10:54:27.106 +05:00 [WRN] Session Mismatch! User: 14. TokenSession: ee68bccd-8d45-475a-920c-4d3d6fdd0efb, DBSession: 54513f09-dac7-4630-9ea4-22438267abf8
2026-02-05 10:54:27.116 +05:00 [INF] HTTP GET /api/auth/validate-session responded 401 in 17.4474 ms | User: ali (N/A) | IP: ::1 | RequestBody:  | ResponseBody: {"message": "Session expired. You are logged in on another device."}
2026-02-05 11:03:57.992 +05:00 [INF] User ali@gmail.com logged in successfully. UserId: 14
2026-02-05 11:03:58.227 +05:00 [INF] HTTP POST /api/auth/login responded 200 in 7544.2599 ms | User: Anonymous (N/A) | IP: ::1 | RequestBody:  | ResponseBody: {"accessToken":"eyJhbGciOiJIUzI1NiIsInR5cCI6IkpXVCJ9.eyJzdWIiOiIxNCIsImVtYWlsIjoiYWxpQGdtYWlsLmNvbSIsInVuaXF1ZV9uYW1lIjoiYWxpIiwiaHR0cDovL3NjaGVtYXMubWljcm9zb2Z0LmNvbS93cy8yMDA4LzA2L2lkZW50aXR5L2NsYWltcy9yb2xlIjoiVXNlciIsIlNlc3Npb25JZCI6IjMxYzVmMzI3LTRlMjItNGY3ZS1iMDViLTUyM2Y3YTM4OGYyMyIsImV4cCI6MTc3MDI3ODYzNywiaXNzIjoiTXlDb21wYW55IiwiYXVkIjoiTXlDb21wYW55VXNlcnMifQ.yx6iQG3cpb17n6pP2VS08lHYpZRQ4-a0Jmnx1qqa4EE","refreshToken":"f1f7bf19-409c-449a-9e2f-1b99e4b85a6c","userName":"ali"}
2026-02-05 11:03:59.155 +05:00 [INF] HTTP GET /api/auth/validate-session responded 404 in 257.8824 ms | User: ali (N/A) | IP: ::1 | RequestBody:  | ResponseBody: 
2026-02-05 11:04:53.644 +05:00 [INF] User ali@gmail.com logged in successfully. UserId: 14
2026-02-05 11:04:53.655 +05:00 [INF] HTTP POST /api/auth/login responded 200 in 747.4991 ms | User: Anonymous (N/A) | IP: ::1 | RequestBody:  | ResponseBody: {"accessToken":"eyJhbGciOiJIUzI1NiIsInR5cCI6IkpXVCJ9.eyJzdWIiOiIxNCIsImVtYWlsIjoiYWxpQGdtYWlsLmNvbSIsInVuaXF1ZV9uYW1lIjoiYWxpIiwiaHR0cDovL3NjaGVtYXMubWljcm9zb2Z0LmNvbS93cy8yMDA4LzA2L2lkZW50aXR5L2NsYWltcy9yb2xlIjoiVXNlciIsIlNlc3Npb25JZCI6IjFhNGZiZjk3LWM2OTAtNGU1ZC04NTQyLTM5ZDJlMDZlOGU3OSIsImV4cCI6MTc3MDI3ODY5MywiaXNzIjoiTXlDb21wYW55IiwiYXVkIjoiTXlDb21wYW55VXNlcnMifQ.01q3tMHI8bg2gxhb_edu0GaxhKKdRkxfZdTFqVCr5no","refreshToken":"4347bbad-b873-4969-b38c-5d5d52da14a2","userName":"ali"}
2026-02-05 11:04:54.096 +05:00 [INF] HTTP GET /api/auth/validate-session responded 404 in 19.8702 ms | User: ali (N/A) | IP: ::1 | RequestBody:  | ResponseBody: 
2026-02-05 11:05:07.276 +05:00 [WRN] Session Mismatch! User: 14. TokenSession: 31c5f327-4e22-4f7e-b05b-523f7a388f23, DBSession: 1a4fbf97-c690-4e5d-8542-39d2e06e8e79
2026-02-05 11:05:07.289 +05:00 [INF] HTTP GET /api/auth/validate-session responded 401 in 33.0919 ms | User: ali (N/A) | IP: ::1 | RequestBody:  | ResponseBody: {"message": "Session expired. You are logged in on another device."}
2026-02-05 11:05:23.334 +05:00 [INF] User ali@gmail.com logged in successfully. UserId: 14
2026-02-05 11:05:23.343 +05:00 [INF] HTTP POST /api/auth/login responded 200 in 416.0464 ms | User: Anonymous (N/A) | IP: ::1 | RequestBody:  | ResponseBody: {"accessToken":"eyJhbGciOiJIUzI1NiIsInR5cCI6IkpXVCJ9.eyJzdWIiOiIxNCIsImVtYWlsIjoiYWxpQGdtYWlsLmNvbSIsInVuaXF1ZV9uYW1lIjoiYWxpIiwiaHR0cDovL3NjaGVtYXMubWljcm9zb2Z0LmNvbS93cy8yMDA4LzA2L2lkZW50aXR5L2NsYWltcy9yb2xlIjoiVXNlciIsIlNlc3Npb25JZCI6ImEwYWRkZmJlLTc4OWYtNGY5MC1hZDk1LTFjYWZiNmRhNjNhMSIsImV4cCI6MTc3MDI3ODcyMywiaXNzIjoiTXlDb21wYW55IiwiYXVkIjoiTXlDb21wYW55VXNlcnMifQ.oiauZqYFloIsyi8KxPtYG_eXGUL2ELWK_EAJ1SDe5Bg","refreshToken":"2b844e1b-5abb-4ea2-bee3-e59c42f242b0","userName":"ali"}
2026-02-05 11:05:23.745 +05:00 [INF] HTTP GET /api/auth/validate-session responded 404 in 15.1188 ms | User: ali (N/A) | IP: ::1 | RequestBody:  | ResponseBody: 
2026-02-05 11:05:39.646 +05:00 [INF] User haris@gmail.com logged in successfully. UserId: 23
2026-02-05 11:05:39.655 +05:00 [INF] HTTP POST /api/auth/login responded 200 in 369.1837 ms | User: Anonymous (N/A) | IP: ::1 | RequestBody:  | ResponseBody: {"accessToken":"eyJhbGciOiJIUzI1NiIsInR5cCI6IkpXVCJ9.eyJzdWIiOiIyMyIsImVtYWlsIjoiaGFyaXNAZ21haWwuY29tIiwidW5pcXVlX25hbWUiOiJoYXJpcyIsImh0dHA6Ly9zY2hlbWFzLm1pY3Jvc29mdC5jb20vd3MvMjAwOC8wNi9pZGVudGl0eS9jbGFpbXMvcm9sZSI6IkFkbWluIiwiU2Vzc2lvbklkIjoiYjI1YWY3ZDktN2ZmMy00NmEwLTliZWQtMzU5MGEzNmYzNDkwIiwiZXhwIjoxNzcwMjc4NzM5LCJpc3MiOiJNeUNvbXBhbnkiLCJhdWQiOiJNeUNvbXBhbnlVc2VycyJ9.Y5LB2cnEI_A2yZQ7rcP0scCBGzZpLqZDxAEjF_542jA","refreshToken":"52bcf71b-43e6-4dd7-90c7-a18d3d0071e5","userName":"haris"}
2026-02-05 11:05:39.923 +05:00 [INF] HTTP GET /api/auth/validate-session responded 404 in 14.7152 ms | User: haris (N/A) | IP: ::1 | RequestBody:  | ResponseBody: 
2026-02-05 11:06:16.092 +05:00 [INF] User haris@gmail.com logged in successfully. UserId: 23
2026-02-05 11:06:16.103 +05:00 [INF] HTTP POST /api/auth/login responded 200 in 359.4569 ms | User: Anonymous (N/A) | IP: ::1 | RequestBody:  | ResponseBody: {"accessToken":"eyJhbGciOiJIUzI1NiIsInR5cCI6IkpXVCJ9.eyJzdWIiOiIyMyIsImVtYWlsIjoiaGFyaXNAZ21haWwuY29tIiwidW5pcXVlX25hbWUiOiJoYXJpcyIsImh0dHA6Ly9zY2hlbWFzLm1pY3Jvc29mdC5jb20vd3MvMjAwOC8wNi9pZGVudGl0eS9jbGFpbXMvcm9sZSI6IkFkbWluIiwiU2Vzc2lvbklkIjoiNTA1YjNlYmEtYTYyMy00YzcwLWE1OTMtZjNjMDQ0ZWRjNmIyIiwiZXhwIjoxNzcwMjc4Nzc2LCJpc3MiOiJNeUNvbXBhbnkiLCJhdWQiOiJNeUNvbXBhbnlVc2VycyJ9.jjPXV7lA-J2iWEmpb9blU40-xSakrzi1-a56mNv7T54","refreshToken":"33aa9f85-c2eb-4445-a9ae-b5a5a6cc34bc","userName":"haris"}
2026-02-05 11:06:16.500 +05:00 [INF] HTTP GET /api/auth/validate-session responded 404 in 15.1570 ms | User: haris (N/A) | IP: ::1 | RequestBody:  | ResponseBody: 
2026-02-05 11:06:28.834 +05:00 [INF] HTTP GET /api/auth/validate-session responded 404 in 9.2940 ms | User: haris (N/A) | IP: ::1 | RequestBody:  | ResponseBody: 
2026-02-05 11:06:35.523 +05:00 [WRN] Session Mismatch! User: 23. TokenSession: b25af7d9-7ff3-46a0-9bed-3590a36f3490, DBSession: 505b3eba-a623-4c70-a593-f3c044edc6b2
2026-02-05 11:06:35.530 +05:00 [INF] HTTP GET /api/auth/validate-session responded 401 in 15.3560 ms | User: haris (N/A) | IP: ::1 | RequestBody:  | ResponseBody: {"message": "Session expired. You are logged in on another device."}
2026-02-05 11:06:46.571 +05:00 [INF] User haris@gmail.com logged in successfully. UserId: 23
2026-02-05 11:06:46.583 +05:00 [INF] HTTP POST /api/auth/login responded 200 in 360.2731 ms | User: Anonymous (N/A) | IP: ::1 | RequestBody:  | ResponseBody: {"accessToken":"eyJhbGciOiJIUzI1NiIsInR5cCI6IkpXVCJ9.eyJzdWIiOiIyMyIsImVtYWlsIjoiaGFyaXNAZ21haWwuY29tIiwidW5pcXVlX25hbWUiOiJoYXJpcyIsImh0dHA6Ly9zY2hlbWFzLm1pY3Jvc29mdC5jb20vd3MvMjAwOC8wNi9pZGVudGl0eS9jbGFpbXMvcm9sZSI6IkFkbWluIiwiU2Vzc2lvbklkIjoiZGRkNmJkZDQtOWE4MC00MWE5LWJmMjItOGE1NmQ4YzMxOThjIiwiZXhwIjoxNzcwMjc4ODA2LCJpc3MiOiJNeUNvbXBhbnkiLCJhdWQiOiJNeUNvbXBhbnlVc2VycyJ9.1lWFdcJl1sUq0I5bscYrN1yEa36nbV121Y8tQbgbhn8","refreshToken":"7545d1c9-8a44-47f2-bd7f-13971acfa17e","userName":"haris"}
2026-02-05 11:06:46.848 +05:00 [INF] HTTP GET /api/auth/validate-session responded 404 in 11.6979 ms | User: haris (N/A) | IP: ::1 | RequestBody:  | ResponseBody: 
2026-02-05 11:06:53.862 +05:00 [WRN] Session Mismatch! User: 23. TokenSession: 505b3eba-a623-4c70-a593-f3c044edc6b2, DBSession: ddd6bdd4-9a80-41a9-bf22-8a56d8c3198c
2026-02-05 11:06:53.877 +05:00 [INF] HTTP GET /api/auth/validate-session responded 401 in 29.9414 ms | User: haris (N/A) | IP: ::1 | RequestBody:  | ResponseBody: {"message": "Session expired. You are logged in on another device."}
2026-02-05 11:06:59.712 +05:00 [INF] HTTP GET /api/auth/validate-session responded 404 in 12.2226 ms | User: haris (N/A) | IP: ::1 | RequestBody:  | ResponseBody: 
2026-02-05 11:07:01.819 +05:00 [INF] HTTP GET /api/auth/validate-session responded 404 in 8.9324 ms | User: haris (N/A) | IP: ::1 | RequestBody:  | ResponseBody: 
2026-02-05 11:07:14.029 +05:00 [INF] User haris@gmail.com logged in successfully. UserId: 23
2026-02-05 11:07:14.038 +05:00 [INF] HTTP POST /api/auth/login responded 200 in 372.8945 ms | User: Anonymous (N/A) | IP: ::1 | RequestBody:  | ResponseBody: {"accessToken":"eyJhbGciOiJIUzI1NiIsInR5cCI6IkpXVCJ9.eyJzdWIiOiIyMyIsImVtYWlsIjoiaGFyaXNAZ21haWwuY29tIiwidW5pcXVlX25hbWUiOiJoYXJpcyIsImh0dHA6Ly9zY2hlbWFzLm1pY3Jvc29mdC5jb20vd3MvMjAwOC8wNi9pZGVudGl0eS9jbGFpbXMvcm9sZSI6IkFkbWluIiwiU2Vzc2lvbklkIjoiYWJiOWViM2MtNzFiMC00ZmFmLThkYzItYjFhMTk0MjA0MWNkIiwiZXhwIjoxNzcwMjc4ODM0LCJpc3MiOiJNeUNvbXBhbnkiLCJhdWQiOiJNeUNvbXBhbnlVc2VycyJ9.TBi3mxkVoosIofMtcQQcBMzP-_tqqEqcbvPt3q5Tr4U","refreshToken":"f4608d67-abaa-4355-b2ad-e202544b3585","userName":"haris"}
2026-02-05 11:07:14.317 +05:00 [INF] HTTP GET /api/auth/validate-session responded 404 in 8.0988 ms | User: haris (N/A) | IP: ::1 | RequestBody:  | ResponseBody: 
2026-02-05 11:07:28.747 +05:00 [WRN] Session Mismatch! User: 23. TokenSession: ddd6bdd4-9a80-41a9-bf22-8a56d8c3198c, DBSession: abb9eb3c-71b0-4faf-8dc2-b1a1942041cd
2026-02-05 11:07:28.760 +05:00 [INF] HTTP GET /api/auth/validate-session responded 401 in 28.6956 ms | User: haris (N/A) | IP: ::1 | RequestBody:  | ResponseBody: {"message": "Session expired. You are logged in on another device."}
2026-02-05 11:23:08.346 +05:00 [INF] User haris@gmail.com logged in successfully. UserId: 23
2026-02-05 11:23:08.564 +05:00 [INF] HTTP POST /api/auth/login responded 200 in 6978.0147 ms | User: Anonymous (N/A) | IP: ::1 | RequestBody:  | ResponseBody: {"accessToken":"eyJhbGciOiJIUzI1NiIsInR5cCI6IkpXVCJ9.eyJzdWIiOiIyMyIsImVtYWlsIjoiaGFyaXNAZ21haWwuY29tIiwidW5pcXVlX25hbWUiOiJoYXJpcyIsImh0dHA6Ly9zY2hlbWFzLm1pY3Jvc29mdC5jb20vd3MvMjAwOC8wNi9pZGVudGl0eS9jbGFpbXMvcm9sZSI6IkFkbWluIiwiU2Vzc2lvbklkIjoiZTkxZmNmNTUtNDU4OC00YjAzLTk4ZDUtNmE5ZTIyZDZlZGM4IiwiZXhwIjoxNzcwMjc5Nzg3LCJpc3MiOiJNeUNvbXBhbnkiLCJhdWQiOiJNeUNvbXBhbnlVc2VycyJ9.g1FYfXhlREPJsTnOWAAQt6YjiLVAowj2BfW62VKVTnY","refreshToken":"b03a7603-de80-4661-8e94-b54a343c3603","userName":"haris"}
2026-02-05 11:23:09.679 +05:00 [INF] HTTP GET /api/auth/validate-session responded 404 in 298.4108 ms | User: haris (N/A) | IP: ::1 | RequestBody:  | ResponseBody: 
2026-02-05 11:23:28.732 +05:00 [INF] HTTP GET /api/auth/validate-session responded 404 in 149.3872 ms | User: haris (N/A) | IP: ::1 | RequestBody:  | ResponseBody: 
2026-02-05 11:23:38.219 +05:00 [INF] HTTP GET /api/auth/validate-session responded 404 in 10.9690 ms | User: haris (N/A) | IP: ::1 | RequestBody:  | ResponseBody: 
2026-02-05 11:29:46.750 +05:00 [INF] HTTP GET /api/auth/validate-session responded 404 in 6756.4506 ms | User: haris (N/A) | IP: ::1 | RequestBody:  | ResponseBody: 
2026-02-05 11:29:47.938 +05:00 [INF] HTTP GET /api/auth/validate-session responded 404 in 183.6899 ms | User: haris (N/A) | IP: ::1 | RequestBody:  | ResponseBody: 
2026-02-05 11:29:57.025 +05:00 [INF] HTTP GET /api/auth/validate-session responded 404 in 204.6575 ms | User: haris (N/A) | IP: ::1 | RequestBody:  | ResponseBody: 
2026-02-05 11:30:21.223 +05:00 [INF] User haris@gmail.com logged in successfully. UserId: 23
2026-02-05 11:30:21.261 +05:00 [INF] HTTP POST /api/auth/login responded 200 in 1703.6825 ms | User: Anonymous (N/A) | IP: ::1 | RequestBody:  | ResponseBody: {"accessToken":"eyJhbGciOiJIUzI1NiIsInR5cCI6IkpXVCJ9.eyJzdWIiOiIyMyIsImVtYWlsIjoiaGFyaXNAZ21haWwuY29tIiwidW5pcXVlX25hbWUiOiJoYXJpcyIsImh0dHA6Ly9zY2hlbWFzLm1pY3Jvc29mdC5jb20vd3MvMjAwOC8wNi9pZGVudGl0eS9jbGFpbXMvcm9sZSI6IkFkbWluIiwiU2Vzc2lvbklkIjoiZGM1MzlhM2YtMDU0NC00OWQ2LTgxYTktNjViMjg0MzFiZTdmIiwiZXhwIjoxNzcwMjgwMjIwLCJpc3MiOiJNeUNvbXBhbnkiLCJhdWQiOiJNeUNvbXBhbnlVc2VycyJ9.zT62jL2UaIat5T8I33vk4tLTFaF2sIKTcY2LXuiep2o","refreshToken":"68eaf005-93ac-4ac6-b780-2e6c71c1564b","userName":"haris"}
2026-02-05 11:30:21.767 +05:00 [INF] HTTP GET /api/auth/validate-session responded 404 in 23.3484 ms | User: haris (N/A) | IP: ::1 | RequestBody:  | ResponseBody: 
2026-02-05 11:30:37.647 +05:00 [WRN] Session Mismatch! User: 23. TokenSession: e91fcf55-4588-4b03-98d5-6a9e22d6edc8, DBSession: dc539a3f-0544-49d6-81a9-65b28431be7f
2026-02-05 11:30:37.660 +05:00 [INF] HTTP GET /api/auth/validate-session responded 401 in 36.0586 ms | User: haris (N/A) | IP: ::1 | RequestBody:  | ResponseBody: {"message": "Session expired. You are logged in on another device."}
