2026-01-12 12:06:51.841 +05:00 [INF] User sss logged in successfully. UserId: 10
2026-01-12 12:06:52.046 +05:00 [INF] HTTP POST /api/auth/login responded 200 in 7121.4020 ms | User: Anonymous (N/A) | IP: ::1 | RequestBody:  | ResponseBody: {"accessToken":"eyJhbGciOiJIUzI1NiIsInR5cCI6IkpXVCJ9.eyJzdWIiOiIxMCIsImVtYWlsIjoic3NzIiwidW5pcXVlX25hbWUiOiJzc3NzIiwiZXhwIjoxNzY4MjA4ODEwLCJpc3MiOiJNeUNvbXBhbnkiLCJhdWQiOiJNeUNvbXBhbnlVc2VycyJ9.ZI5odLbNhKYsqjv6UJNbvPkwMWmlMOW0HpepiTdsyEQ","refreshToken":"90d2c493-64ab-4b70-a256-f361ced6f53d"}
2026-01-12 12:15:57.272 +05:00 [INF] User sss logged in successfully. UserId: 10
2026-01-12 12:15:57.466 +05:00 [INF] HTTP POST /api/auth/login responded 200 in 6692.5667 ms | User: Anonymous (N/A) | IP: ::1 | RequestBody:  | ResponseBody: {"accessToken":"eyJhbGciOiJIUzI1NiIsInR5cCI6IkpXVCJ9.eyJzdWIiOiIxMCIsImVtYWlsIjoic3NzIiwidW5pcXVlX25hbWUiOiJzc3NzIiwiZXhwIjoxNzY4MjA5MzU2LCJpc3MiOiJNeUNvbXBhbnkiLCJhdWQiOiJNeUNvbXBhbnlVc2VycyJ9.V-43wwyWfdQUaaqcSZaXniaIa_es9NCONt8HTCpSPh0","refreshToken":"d43239d6-aba4-48ce-9a1e-bb0af1344435"}
2026-01-12 12:23:38.595 +05:00 [INF] User sss logged in successfully. UserId: 10
2026-01-12 12:23:38.758 +05:00 [INF] HTTP POST /api/auth/login responded 200 in 7182.0426 ms | User: Anonymous (N/A) | IP: ::1 | RequestBody:  | ResponseBody: {"accessToken":"eyJhbGciOiJIUzI1NiIsInR5cCI6IkpXVCJ9.eyJzdWIiOiIxMCIsImVtYWlsIjoic3NzIiwidW5pcXVlX25hbWUiOiJzc3NzIiwiZXhwIjoxNzY4MjA5ODE3LCJpc3MiOiJNeUNvbXBhbnkiLCJhdWQiOiJNeUNvbXBhbnlVc2VycyJ9.-eMkZKiFhSdxY5SgTzTji03tlQlKA7UL7tNApK1_PgE","refreshToken":"928666ef-77b7-4684-8ee0-7be7a9cc7475"}
2026-01-12 12:28:57.618 +05:00 [INF] User sss logged in successfully. UserId: 10
2026-01-12 12:28:57.811 +05:00 [INF] HTTP POST /api/auth/login responded 200 in 6896.4178 ms | User: Anonymous (N/A) | IP: ::1 | RequestBody:  | ResponseBody: {"accessToken":"eyJhbGciOiJIUzI1NiIsInR5cCI6IkpXVCJ9.eyJzdWIiOiIxMCIsImVtYWlsIjoic3NzIiwidW5pcXVlX25hbWUiOiJzc3NzIiwiZXhwIjoxNzY4MjEwMTM2LCJpc3MiOiJNeUNvbXBhbnkiLCJhdWQiOiJNeUNvbXBhbnlVc2VycyJ9.oTx6YgIUcgw58kiggREtpx7cRMhs6_cTZ8hImvjmDAM","refreshToken":"63f31e55-4562-4906-8601-27e1fe94fa0a"}
2026-01-12 12:33:07.664 +05:00 [INF] User sss logged in successfully. UserId: 10
2026-01-12 12:33:07.867 +05:00 [INF] HTTP POST /api/auth/login responded 200 in 6796.3105 ms | User: Anonymous (N/A) | IP: ::1 | RequestBody:  | ResponseBody: {"accessToken":"eyJhbGciOiJIUzI1NiIsInR5cCI6IkpXVCJ9.eyJzdWIiOiIxMCIsImVtYWlsIjoic3NzIiwidW5pcXVlX25hbWUiOiJzc3NzIiwiZXhwIjoxNzY4MjEwMzg2LCJpc3MiOiJNeUNvbXBhbnkiLCJhdWQiOiJNeUNvbXBhbnlVc2VycyJ9.vCzI_MoBJ06khai-Gz49gHXC5-roC3U80NKbOBLkBsY","refreshToken":"32e38d15-5cf0-4645-b13a-392e3ba5b6df"}
2026-01-12 12:37:32.917 +05:00 [INF] User sss logged in successfully. UserId: 10
2026-01-12 12:37:33.132 +05:00 [INF] HTTP POST /api/auth/login responded 200 in 6934.4256 ms | User: Anonymous (N/A) | IP: ::1 | RequestBody:  | ResponseBody: {"accessToken":"eyJhbGciOiJIUzI1NiIsInR5cCI6IkpXVCJ9.eyJzdWIiOiIxMCIsImVtYWlsIjoic3NzIiwidW5pcXVlX25hbWUiOiJzc3NzIiwiZXhwIjoxNzY4MjEwNjUxLCJpc3MiOiJNeUNvbXBhbnkiLCJhdWQiOiJNeUNvbXBhbnlVc2VycyJ9.1d7hIoJmJW_xAF45wp06PX7sl2OKPgeEOnA-NHinZsU","refreshToken":"d3de76c5-b886-4026-addd-2d4e5dbeebab"}
2026-01-12 12:45:40.355 +05:00 [INF] User sss logged in successfully. UserId: 10
2026-01-12 12:45:40.541 +05:00 [INF] HTTP POST /api/auth/login responded 200 in 6620.6374 ms | User: Anonymous (N/A) | IP: ::1 | RequestBody:  | ResponseBody: {"accessToken":"eyJhbGciOiJIUzI1NiIsInR5cCI6IkpXVCJ9.eyJzdWIiOiIxMCIsImVtYWlsIjoic3NzIiwidW5pcXVlX25hbWUiOiJzc3NzIiwiZXhwIjoxNzY4MjExMTM5LCJpc3MiOiJNeUNvbXBhbnkiLCJhdWQiOiJNeUNvbXBhbnlVc2VycyJ9.Y6hPYKtDzLA8IyvMze4yIDkbsRCb_4nKlkFaP1vzf4c","refreshToken":"43e18b0d-fb6c-436c-b261-12e4d228f054"}
2026-01-12 14:03:35.387 +05:00 [INF] User sss logged in successfully. UserId: 10
2026-01-12 14:03:35.525 +05:00 [INF] HTTP POST /api/auth/login responded 200 in 4815.0785 ms | User: Anonymous (N/A) | IP: ::1 | RequestBody:  | ResponseBody: {"accessToken":"eyJhbGciOiJIUzI1NiIsInR5cCI6IkpXVCJ9.eyJzdWIiOiIxMCIsImVtYWlsIjoic3NzIiwidW5pcXVlX25hbWUiOiJzc3NzIiwiZXhwIjoxNzY4MjE1ODE0LCJpc3MiOiJNeUNvbXBhbnkiLCJhdWQiOiJNeUNvbXBhbnlVc2VycyJ9.d2ATeA1jWW1T0uP0SnzDZSs2ZGCXwPFGqFHzMNzeWRw","refreshToken":"ac696fb8-f817-427f-a7aa-657fd5f95827"}
2026-01-12 14:17:59.652 +05:00 [INF] User sss logged in successfully. UserId: 10
2026-01-12 14:17:59.788 +05:00 [INF] HTTP POST /api/auth/login responded 200 in 4449.3227 ms | User: Anonymous (N/A) | IP: ::1 | RequestBody:  | ResponseBody: {"accessToken":"eyJhbGciOiJIUzI1NiIsInR5cCI6IkpXVCJ9.eyJzdWIiOiIxMCIsImVtYWlsIjoic3NzIiwidW5pcXVlX25hbWUiOiJzc3NzIiwiZXhwIjoxNzY4MjE2Njc5LCJpc3MiOiJNeUNvbXBhbnkiLCJhdWQiOiJNeUNvbXBhbnlVc2VycyJ9.vZ-6OUhqA4IL4O-EtDK0_PI6asaEahM_Iy100SfktlQ","refreshToken":"ee9e5eda-fc6b-4ce5-9f74-bbedd1d0a43c"}
2026-01-12 14:22:32.660 +05:00 [INF] User sss logged in successfully. UserId: 10
2026-01-12 14:22:32.759 +05:00 [INF] HTTP POST /api/auth/login responded 200 in 5341.4044 ms | User: Anonymous (N/A) | IP: ::1 | RequestBody:  | ResponseBody: {"accessToken":"eyJhbGciOiJIUzI1NiIsInR5cCI6IkpXVCJ9.eyJzdWIiOiIxMCIsImVtYWlsIjoic3NzIiwidW5pcXVlX25hbWUiOiJzc3NzIiwiZXhwIjoxNzY4MjE2OTUyLCJpc3MiOiJNeUNvbXBhbnkiLCJhdWQiOiJNeUNvbXBhbnlVc2VycyJ9.0bWhO_Sv-vjDK-yLdu5mZsrLecKrXiZw2uWQRAs87JQ","refreshToken":"a2eda958-f47f-447a-9419-4a61ce5d2e7c"}
2026-01-12 14:27:14.145 +05:00 [INF] User sss logged in successfully. UserId: 10
2026-01-12 14:27:14.249 +05:00 [INF] HTTP POST /api/auth/login responded 200 in 4639.3979 ms | User: Anonymous (N/A) | IP: ::1 | RequestBody:  | ResponseBody: {"accessToken":"eyJhbGciOiJIUzI1NiIsInR5cCI6IkpXVCJ9.eyJzdWIiOiIxMCIsImVtYWlsIjoic3NzIiwidW5pcXVlX25hbWUiOiJzc3NzIiwiZXhwIjoxNzY4MjE3MjMzLCJpc3MiOiJNeUNvbXBhbnkiLCJhdWQiOiJNeUNvbXBhbnlVc2VycyJ9.LAIgisQlx-gElnxyA2mRVgsjC_mJJYtLNUqATQWJYR4","refreshToken":"34512f76-b437-47ed-827b-0cad104bb951"}
2026-01-12 14:33:03.108 +05:00 [INF] User sss logged in successfully. UserId: 10
2026-01-12 14:33:03.226 +05:00 [INF] HTTP POST /api/auth/login responded 200 in 4660.5544 ms | User: Anonymous (N/A) | IP: ::1 | RequestBody:  | ResponseBody: {"accessToken":"eyJhbGciOiJIUzI1NiIsInR5cCI6IkpXVCJ9.eyJzdWIiOiIxMCIsImVtYWlsIjoic3NzIiwidW5pcXVlX25hbWUiOiJzc3NzIiwiZXhwIjoxNzY4MjE3NTgyLCJpc3MiOiJNeUNvbXBhbnkiLCJhdWQiOiJNeUNvbXBhbnlVc2VycyJ9.IqY5Bbz1TElV4HEqR6lk8pC_TeChp2YUw3TIU1omu5M","refreshToken":"1d12d537-d667-4d85-8453-59ad86fb8935"}
