2026-01-16 10:57:53.486 +05:00 [INF] User ali@gmail.com logged in successfully. UserId: 14
2026-01-16 10:57:53.591 +05:00 [INF] HTTP POST /api/auth/login responded 200 in 4512.4858 ms | User: Anonymous (N/A) | IP: ::1 | RequestBody:  | ResponseBody: {"accessToken":"eyJhbGciOiJIUzI1NiIsInR5cCI6IkpXVCJ9.eyJzdWIiOiIxNCIsImVtYWlsIjoiYWxpQGdtYWlsLmNvbSIsInVuaXF1ZV9uYW1lIjoiYWxpIiwiZXhwIjoxNzY4NTUwMjczLCJpc3MiOiJNeUNvbXBhbnkiLCJhdWQiOiJNeUNvbXBhbnlVc2VycyJ9.RTj0GOxa3zYljxXaLPLXPMEmiQ7BlYO8absj9eI2uJg","refreshToken":"a0f168e5-a38a-45b9-9a00-aa2f089b17a7"}
2026-01-16 11:02:40.431 +05:00 [INF] User haseeb@gmail.com logged in successfully. UserId: 13
2026-01-16 11:02:40.537 +05:00 [INF] HTTP POST /api/auth/login responded 200 in 3645.1850 ms | User: Anonymous (N/A) | IP: ::1 | RequestBody:  | ResponseBody: {"accessToken":"eyJhbGciOiJIUzI1NiIsInR5cCI6IkpXVCJ9.eyJzdWIiOiIxMyIsImVtYWlsIjoiaGFzZWViQGdtYWlsLmNvbSIsInVuaXF1ZV9uYW1lIjoiaGFzZWViIiwiZXhwIjoxNzY4NTUwNTU5LCJpc3MiOiJNeUNvbXBhbnkiLCJhdWQiOiJNeUNvbXBhbnlVc2VycyJ9.soZRy0UlZIE7R3nbD-gzwWa2RVKvTIpBwxy-2Vpttk4","refreshToken":"d9cf3dd7-457b-4dc7-b37e-86bc3cf18b3c"}
2026-01-16 11:12:57.709 +05:00 [INF] User haseeb@gmail.com logged in successfully. UserId: 13
2026-01-16 11:12:57.826 +05:00 [INF] HTTP POST /api/auth/login responded 200 in 6679.5882 ms | User: Anonymous (N/A) | IP: ::1 | RequestBody:  | ResponseBody: {"accessToken":"eyJhbGciOiJIUzI1NiIsInR5cCI6IkpXVCJ9.eyJzdWIiOiIxMyIsImVtYWlsIjoiaGFzZWViQGdtYWlsLmNvbSIsInVuaXF1ZV9uYW1lIjoiaGFzZWViIiwiZXhwIjoxNzY4NTUxMTc3LCJpc3MiOiJNeUNvbXBhbnkiLCJhdWQiOiJNeUNvbXBhbnlVc2VycyJ9.gt7s_XRQlw2KGA87QnbtRZIzNd8Z6dECjzjb96KPH-Y","refreshToken":"50795775-d900-4749-8189-bd04d4bf4fd1"}
2026-01-16 11:44:09.925 +05:00 [INF] User haseeb@gmail.com logged in successfully. UserId: 13
2026-01-16 11:44:10.125 +05:00 [INF] HTTP POST /api/auth/login responded 200 in 7156.0018 ms | User: Anonymous (N/A) | IP: ::1 | RequestBody:  | ResponseBody: {"accessToken":"eyJhbGciOiJIUzI1NiIsInR5cCI6IkpXVCJ9.eyJzdWIiOiIxMyIsImVtYWlsIjoiaGFzZWViQGdtYWlsLmNvbSIsInVuaXF1ZV9uYW1lIjoiaGFzZWViIiwiZXhwIjoxNzY4NTUzMDQ5LCJpc3MiOiJNeUNvbXBhbnkiLCJhdWQiOiJNeUNvbXBhbnlVc2VycyJ9.WTb2u0uMJmjAoiboseCJtaj4f73EvqIllCRLRwJnznc","refreshToken":"b8d25649-3aed-4865-a6c8-c0200fff7048"}
2026-01-16 12:00:16.990 +05:00 [INF] User haseeb@gmail.com logged in successfully. UserId: 13
2026-01-16 12:00:17.171 +05:00 [INF] HTTP POST /api/auth/login responded 200 in 7037.3299 ms | User: Anonymous (N/A) | IP: ::1 | RequestBody:  | ResponseBody: {"accessToken":"eyJhbGciOiJIUzI1NiIsInR5cCI6IkpXVCJ9.eyJzdWIiOiIxMyIsImVtYWlsIjoiaGFzZWViQGdtYWlsLmNvbSIsInVuaXF1ZV9uYW1lIjoiaGFzZWViIiwiZXhwIjoxNzY4NTU0MDE2LCJpc3MiOiJNeUNvbXBhbnkiLCJhdWQiOiJNeUNvbXBhbnlVc2VycyJ9.-6MAcnyHvECS67YfaAtA-9SjaQS6WO--vE2o4lZ_-as","refreshToken":"fda8ef50-3704-4130-ab1e-ad0909a30c57"}
2026-01-16 13:03:12.473 +05:00 [INF] User haseeb@gmail.com logged in successfully. UserId: 13
2026-01-16 13:03:12.707 +05:00 [INF] HTTP POST /api/auth/login responded 200 in 7740.6659 ms | User: Anonymous (N/A) | IP: ::1 | RequestBody:  | ResponseBody: {"accessToken":"eyJhbGciOiJIUzI1NiIsInR5cCI6IkpXVCJ9.eyJzdWIiOiIxMyIsImVtYWlsIjoiaGFzZWViQGdtYWlsLmNvbSIsInVuaXF1ZV9uYW1lIjoiaGFzZWViIiwiZXhwIjoxNzY4NTU3NzkxLCJpc3MiOiJNeUNvbXBhbnkiLCJhdWQiOiJNeUNvbXBhbnlVc2VycyJ9.aDWYS4d_ucFPU5ueQ9kFL5ObYaRiaIfn-CIpeFAjLP4","refreshToken":"12a0a36f-3e27-4025-9119-ce794af565d8"}
2026-01-16 15:24:40.891 +05:00 [INF] User ali@gmail.com logged in successfully. UserId: 14
2026-01-16 15:24:41.172 +05:00 [INF] HTTP POST /api/auth/login responded 200 in 13759.2409 ms | User: Anonymous (N/A) | IP: ::1 | RequestBody:  | ResponseBody: {"accessToken":"eyJhbGciOiJIUzI1NiIsInR5cCI6IkpXVCJ9.eyJzdWIiOiIxNCIsImVtYWlsIjoiYWxpQGdtYWlsLmNvbSIsInVuaXF1ZV9uYW1lIjoiYWxpIiwiZXhwIjoxNzY4NTY2Mjc5LCJpc3MiOiJNeUNvbXBhbnkiLCJhdWQiOiJNeUNvbXBhbnlVc2VycyJ9.YOL1pZfIWnwueEcHJvITVXUaJbkcoZJ-X8vJxc0tIJY","refreshToken":"97cd9118-3ec4-4c5f-96d6-eb9522c23ffb"}
2026-01-16 15:31:08.168 +05:00 [INF] User haseeb@gmail.com logged in successfully. UserId: 13
2026-01-16 15:31:08.447 +05:00 [INF] HTTP POST /api/auth/login responded 200 in 14169.1118 ms | User: Anonymous (N/A) | IP: ::1 | RequestBody:  | ResponseBody: {"accessToken":"eyJhbGciOiJIUzI1NiIsInR5cCI6IkpXVCJ9.eyJzdWIiOiIxMyIsImVtYWlsIjoiaGFzZWViQGdtYWlsLmNvbSIsInVuaXF1ZV9uYW1lIjoiaGFzZWViIiwiZXhwIjoxNzY4NTY2NjY3LCJpc3MiOiJNeUNvbXBhbnkiLCJhdWQiOiJNeUNvbXBhbnlVc2VycyJ9.q3cO34hSNMzNa4pjdlI6PjW_lI0nShLQxT4vpOdvCNk","refreshToken":"9e9eba07-35fc-4468-91f9-1ebd5b07cae9"}
2026-01-16 15:46:30.005 +05:00 [INF] User haseeb@gmail.com logged in successfully. UserId: 13
2026-01-16 15:46:30.047 +05:00 [INF] HTTP POST /api/auth/login responded 200 in 2073.7461 ms | User: Anonymous (N/A) | IP: ::1 | RequestBody:  | ResponseBody: {"accessToken":"eyJhbGciOiJIUzI1NiIsInR5cCI6IkpXVCJ9.eyJzdWIiOiIxMyIsImVtYWlsIjoiaGFzZWViQGdtYWlsLmNvbSIsInVuaXF1ZV9uYW1lIjoiaGFzZWViIiwiZXhwIjoxNzY4NTY3NTg5LCJpc3MiOiJNeUNvbXBhbnkiLCJhdWQiOiJNeUNvbXBhbnlVc2VycyJ9.5Do08AYjmULnan_uxbjjcoj1Qewf3Sbs8ldn93Ba548","refreshToken":"113617fd-0a9e-49ea-825b-eb2983a7f904"}
2026-01-16 23:48:49.485 +05:00 [INF] User haseeb@gmail.com logged in successfully. UserId: 13
2026-01-16 23:48:49.572 +05:00 [INF] HTTP POST /api/auth/login responded 200 in 2592.3790 ms | User: Anonymous (N/A) | IP: ::1 | RequestBody:  | ResponseBody: {"accessToken":"eyJhbGciOiJIUzI1NiIsInR5cCI6IkpXVCJ9.eyJzdWIiOiIxMyIsImVtYWlsIjoiaGFzZWViQGdtYWlsLmNvbSIsInVuaXF1ZV9uYW1lIjoiaGFzZWViIiwiZXhwIjoxNzY4NTk2NTI5LCJpc3MiOiJNeUNvbXBhbnkiLCJhdWQiOiJNeUNvbXBhbnlVc2VycyJ9.lI7M1p2ZWtPi9Nnf0Ap8RjnGllsP5bnej1_O0CB0sFg","refreshToken":"7c7743f8-cfa6-497c-beab-5f5b003e837c"}
