2026-01-20 11:24:50.477 +05:00 [INF] User haseeb@gmail.com logged in successfully. UserId: 13
2026-01-20 11:24:50.624 +05:00 [INF] HTTP POST /api/auth/login responded 200 in 5255.3555 ms | User: Anonymous (N/A) | IP: ::1 | RequestBody:  | ResponseBody: {"accessToken":"eyJhbGciOiJIUzI1NiIsInR5cCI6IkpXVCJ9.eyJzdWIiOiIxMyIsImVtYWlsIjoiaGFzZWViQGdtYWlsLmNvbSIsInVuaXF1ZV9uYW1lIjoiaGFzZWViIiwiZXhwIjoxNzY4ODk3NDg5LCJpc3MiOiJNeUNvbXBhbnkiLCJhdWQiOiJNeUNvbXBhbnlVc2VycyJ9.q283gJ_8cU_iEybdwlV_6W6NPPtkfSnqs0BiO2S5sik","refreshToken":"383c462e-f6a2-476d-98e8-67d57bd236bd","userName":"haseeb"}
2026-01-20 11:41:52.217 +05:00 [INF] User ali@gmail.com logged in successfully. UserId: 14
2026-01-20 11:41:52.291 +05:00 [INF] HTTP POST /api/auth/login responded 200 in 1869.6280 ms | User: Anonymous (N/A) | IP: ::1 | RequestBody:  | ResponseBody: {"accessToken":"eyJhbGciOiJIUzI1NiIsInR5cCI6IkpXVCJ9.eyJzdWIiOiIxNCIsImVtYWlsIjoiYWxpQGdtYWlsLmNvbSIsInVuaXF1ZV9uYW1lIjoiYWxpIiwiZXhwIjoxNzY4ODk4NTEyLCJpc3MiOiJNeUNvbXBhbnkiLCJhdWQiOiJNeUNvbXBhbnlVc2VycyJ9.SQoCR5847x2iAPE-sLbDwAA67XBBYu-5Og7E2K4LVQQ","refreshToken":"3d9dc3dd-5bb9-4352-9a91-a55778b7ba49","userName":"ali"}
2026-01-20 14:11:09.507 +05:00 [INF] User ali@gmail.com logged in successfully. UserId: 14
2026-01-20 14:11:09.525 +05:00 [INF] HTTP POST /api/auth/login responded 200 in 1959.3281 ms | User: Anonymous (N/A) | IP: ::1 | RequestBody:  | ResponseBody: {"accessToken":"eyJhbGciOiJIUzI1NiIsInR5cCI6IkpXVCJ9.eyJzdWIiOiIxNCIsImVtYWlsIjoiYWxpQGdtYWlsLmNvbSIsInVuaXF1ZV9uYW1lIjoiYWxpIiwiZXhwIjoxNzY4OTA3NDY5LCJpc3MiOiJNeUNvbXBhbnkiLCJhdWQiOiJNeUNvbXBhbnlVc2VycyJ9.h3FWhHZtxyXECvucwaOQZxLjaOkHiuw0HGGXh9hKkZI","refreshToken":"a56cb19b-0939-47a2-a091-9ea57bba398b","userName":"ali"}
2026-01-20 14:26:47.506 +05:00 [INF] User ali@gmail.com logged in successfully. UserId: 14
2026-01-20 14:26:47.609 +05:00 [INF] HTTP POST /api/auth/login responded 200 in 4348.2449 ms | User: Anonymous (N/A) | IP: ::1 | RequestBody:  | ResponseBody: {"accessToken":"eyJhbGciOiJIUzI1NiIsInR5cCI6IkpXVCJ9.eyJzdWIiOiIxNCIsImVtYWlsIjoiYWxpQGdtYWlsLmNvbSIsInVuaXF1ZV9uYW1lIjoiYWxpIiwiZXhwIjoxNzY4OTA4NDA3LCJpc3MiOiJNeUNvbXBhbnkiLCJhdWQiOiJNeUNvbXBhbnlVc2VycyJ9.x94rduVOVxLAJbuVE6rw62IhGGAps0SoevNy7tW_cn0","refreshToken":"024299d6-040c-483f-9e5b-4cabcecfd234","userName":"ali"}
2026-01-20 14:27:27.874 +05:00 [INF] User ali@gmail.com logged in successfully. UserId: 14
2026-01-20 14:27:27.880 +05:00 [INF] HTTP POST /api/auth/login responded 200 in 517.6016 ms | User: Anonymous (N/A) | IP: ::1 | RequestBody:  | ResponseBody: {"accessToken":"eyJhbGciOiJIUzI1NiIsInR5cCI6IkpXVCJ9.eyJzdWIiOiIxNCIsImVtYWlsIjoiYWxpQGdtYWlsLmNvbSIsInVuaXF1ZV9uYW1lIjoiYWxpIiwiZXhwIjoxNzY4OTA4NDQ3LCJpc3MiOiJNeUNvbXBhbnkiLCJhdWQiOiJNeUNvbXBhbnlVc2VycyJ9.hHrqM3m2dy1U54TS66OwfPnutGXvjh6znIUl3wUgmKI","refreshToken":"29b97b42-852a-4738-bd71-3229a5e72657","userName":"ali"}
2026-01-20 14:27:59.885 +05:00 [INF] User ali@gmail.com logged in successfully. UserId: 14
2026-01-20 14:27:59.890 +05:00 [INF] HTTP POST /api/auth/login responded 200 in 244.2051 ms | User: Anonymous (N/A) | IP: ::1 | RequestBody:  | ResponseBody: {"accessToken":"eyJhbGciOiJIUzI1NiIsInR5cCI6IkpXVCJ9.eyJzdWIiOiIxNCIsImVtYWlsIjoiYWxpQGdtYWlsLmNvbSIsInVuaXF1ZV9uYW1lIjoiYWxpIiwiZXhwIjoxNzY4OTA4NDc5LCJpc3MiOiJNeUNvbXBhbnkiLCJhdWQiOiJNeUNvbXBhbnlVc2VycyJ9.625UjJDZkE6orkCqcOsCI7NfDvqEYgWrTixKWOTKPrY","refreshToken":"f9457539-66ea-47dd-82f1-7449b0cba2d4","userName":"ali"}
2026-01-20 14:30:37.064 +05:00 [INF] User ali@gmail.com logged in successfully. UserId: 14
2026-01-20 14:30:37.189 +05:00 [INF] HTTP POST /api/auth/login responded 200 in 3316.6190 ms | User: Anonymous (N/A) | IP: ::1 | RequestBody:  | ResponseBody: {"accessToken":"eyJhbGciOiJIUzI1NiIsInR5cCI6IkpXVCJ9.eyJzdWIiOiIxNCIsImVtYWlsIjoiYWxpQGdtYWlsLmNvbSIsInVuaXF1ZV9uYW1lIjoiYWxpIiwiZXhwIjoxNzY4OTA4NjM2LCJpc3MiOiJNeUNvbXBhbnkiLCJhdWQiOiJNeUNvbXBhbnlVc2VycyJ9.SXjTtHgLhf7snOYoibAiS7UQO2Ykt7uRtj18-pv_org","refreshToken":"f5d81e24-2164-4107-92a0-12cd3e39e298","userName":"ali"}
2026-01-20 14:32:39.384 +05:00 [INF] User ali@gmail.com logged in successfully. UserId: 14
2026-01-20 14:32:39.576 +05:00 [INF] HTTP POST /api/auth/login responded 200 in 13224.5497 ms | User: Anonymous (N/A) | IP: ::1 | RequestBody:  | ResponseBody: {"accessToken":"eyJhbGciOiJIUzI1NiIsInR5cCI6IkpXVCJ9.eyJzdWIiOiIxNCIsImVtYWlsIjoiYWxpQGdtYWlsLmNvbSIsInVuaXF1ZV9uYW1lIjoiYWxpIiwiZXhwIjoxNzY4OTA4NzU4LCJpc3MiOiJNeUNvbXBhbnkiLCJhdWQiOiJNeUNvbXBhbnlVc2VycyJ9.EEYECqlEclX6EDPlFtdGHbtp9gnzuhum4OWr3PkhziQ","refreshToken":"34308095-865c-4224-b9f9-d797b39f8d9c","userName":"ali"}
2026-01-20 14:38:13.813 +05:00 [INF] User ali@gmail.com logged in successfully. UserId: 14
2026-01-20 14:38:14.067 +05:00 [INF] HTTP POST /api/auth/login responded 200 in 7807.6666 ms | User: Anonymous (N/A) | IP: ::1 | RequestBody:  | ResponseBody: {"accessToken":"eyJhbGciOiJIUzI1NiIsInR5cCI6IkpXVCJ9.eyJzdWIiOiIxNCIsImVtYWlsIjoiYWxpQGdtYWlsLmNvbSIsInVuaXF1ZV9uYW1lIjoiYWxpIiwiZXhwIjoxNzY4OTA5MDkzLCJpc3MiOiJNeUNvbXBhbnkiLCJhdWQiOiJNeUNvbXBhbnlVc2VycyJ9.igAwTMH47HkXa6pkQR7SfD-rJ7FtVe6yX6zkSvKspmE","refreshToken":"d3cf71d7-fbd6-48a0-bfb8-e697a8f6bbca","userName":"ali"}
2026-01-20 14:52:56.971 +05:00 [WRN] Login failed for user: ali@gmail.com. Reason: Invalid password
2026-01-20 14:52:57.524 +05:00 [INF] HTTP POST /api/auth/login responded 401 in 2070.8220 ms | User: Anonymous (N/A) | IP: ::1 | RequestBody:  | ResponseBody: {"message":"Invalid email or password"}
2026-01-20 14:53:14.273 +05:00 [INF] User ali@gmail.com logged in successfully. UserId: 14
2026-01-20 14:53:14.288 +05:00 [INF] HTTP POST /api/auth/login responded 200 in 567.8821 ms | User: Anonymous (N/A) | IP: ::1 | RequestBody:  | ResponseBody: {"accessToken":"eyJhbGciOiJIUzI1NiIsInR5cCI6IkpXVCJ9.eyJzdWIiOiIxNCIsImVtYWlsIjoiYWxpQGdtYWlsLmNvbSIsInVuaXF1ZV9uYW1lIjoiYWxpIiwiZXhwIjoxNzY4OTA5OTk0LCJpc3MiOiJNeUNvbXBhbnkiLCJhdWQiOiJNeUNvbXBhbnlVc2VycyJ9.eymwunkRQgs3MzT__2AJoGD91xJbinhPiDGdAgWlptA","refreshToken":"8de9e0e6-bfed-4fa3-99f1-3249c576f2b8","userName":"ali"}
